 Chua_LQr_sfun

 Timestamp is 56546794 (Tue Nov 24 14:35:16 2015)

 Preferred load address is 0000000180000000

 Start         Length     Name                   Class
 0001:00000000 00014f54H .text                   CODE
 0001:00014f60 00000092H .text$x                 CODE
 0002:00000000 00000450H .idata$5                DATA
 0002:00000450 00000008H .CRT$XCA                DATA
 0002:00000458 00000008H .CRT$XCZ                DATA
 0002:00000460 00000008H .CRT$XIA                DATA
 0002:00000468 00000008H .CRT$XIAA               DATA
 0002:00000470 00000008H .CRT$XIZ                DATA
 0002:00000480 000006ccH .rdata                  DATA
 0002:00000b50 00000008H .rtc$IAA                DATA
 0002:00000b58 00000008H .rtc$IZZ                DATA
 0002:00000b60 00000008H .rtc$TAA                DATA
 0002:00000b68 00000008H .rtc$TZZ                DATA
 0002:00000b70 00000840H .xdata                  DATA
 0002:000013b0 0000008cH .idata$2                DATA
 0002:0000143c 00000014H .idata$3                DATA
 0002:00001450 00000450H .idata$4                DATA
 0002:000018a0 00000bfcH .idata$6                DATA
 0002:000024a0 00000053H .edata                  DATA
 0003:00000000 00005818H .data                   DATA
 0003:00005820 000006b8H .bss                    DATA
 0004:00000000 000009ccH .pdata                  DATA

  Address         Publics by Value              Rva+Base               Lib:Object

 0000:00000000       ___safe_se_handler_count   0000000000000000     <absolute>
 0000:00000000       ___safe_se_handler_table   0000000000000000     <absolute>
 0000:00000000       __ImageBase                0000000180000000     <linker-defined>
 0001:00000000       Chua_LQr_initializer       0000000180001000 f   Chua_LQr_sfun.obj
 0001:00000010       Chua_LQr_terminator        0000000180001010 f   Chua_LQr_sfun.obj
 0001:00000020       sf_Chua_LQr_method_dispatcher 0000000180001020 f   Chua_LQr_sfun.obj
 0001:00000090       sf_Chua_LQr_uses_exported_functions 0000000180001090 f   Chua_LQr_sfun.obj
 0001:000000d0       sf_Chua_LQr_process_check_sum_call 00000001800010d0 f   Chua_LQr_sfun.obj
 0001:000004f0       sf_Chua_LQr_autoinheritance_info 00000001800014f0 f   Chua_LQr_sfun.obj
 0001:000006b0       sf_Chua_LQr_get_eml_resolved_functions_info 00000001800016b0 f   Chua_LQr_sfun.obj
 0001:00000820       sf_Chua_LQr_third_party_uses_info 0000000180001820 f   Chua_LQr_sfun.obj
 0001:000009a0       sf_Chua_LQr_jit_fallback_info 00000001800019a0 f   Chua_LQr_sfun.obj
 0001:00000b20       sf_Chua_LQr_updateBuildInfo_args_info 0000000180001b20 f   Chua_LQr_sfun.obj
 0001:00000ca0       sf_Chua_LQr_get_post_codegen_info 0000000180001ca0 f   Chua_LQr_sfun.obj
 0001:00000da0       Chua_LQr_debug_initialize  0000000180001da0 f   Chua_LQr_sfun.obj
 0001:00000e20       Chua_LQr_register_exported_symbols 0000000180001e20 f   Chua_LQr_sfun.obj
 0001:00000e30       load_Chua_LQr_optimization_info 0000000180001e30 f   Chua_LQr_sfun.obj
 0001:00000e80       unload_Chua_LQr_optimization_info 0000000180001e80 f   Chua_LQr_sfun.obj
 0001:00000eb0       sf_c2_Chua_LQr_get_eml_resolved_functions_info 0000000180001eb0 f   c2_Chua_LQr.obj
 0001:000040d0       sf_c2_Chua_LQr_get_check_sum 00000001800050d0 f   c2_Chua_LQr.obj
 0001:00004150       sf_c2_Chua_LQr_get_autoinheritance_info 0000000180005150 f   c2_Chua_LQr.obj
 0001:000045b0       sf_c2_Chua_LQr_third_party_uses_info 00000001800055b0 f   c2_Chua_LQr.obj
 0001:000045e0       sf_c2_Chua_LQr_jit_fallback_info 00000001800055e0 f   c2_Chua_LQr.obj
 0001:000046b0       sf_c2_Chua_LQr_updateBuildInfo_args_info 00000001800056b0 f   c2_Chua_LQr.obj
 0001:000046e0       sf_c2_Chua_LQr_get_post_codegen_info 00000001800056e0 f   c2_Chua_LQr.obj
 0001:000047b0       c2_Chua_LQr_method_dispatcher 00000001800057b0 f   c2_Chua_LQr.obj
 0001:000070f0       sf_c3_Chua_LQr_get_eml_resolved_functions_info 00000001800080f0 f   c3_Chua_LQr.obj
 0001:0000a310       sf_c3_Chua_LQr_get_check_sum 000000018000b310 f   c3_Chua_LQr.obj
 0001:0000a390       sf_c3_Chua_LQr_get_autoinheritance_info 000000018000b390 f   c3_Chua_LQr.obj
 0001:0000a940       sf_c3_Chua_LQr_third_party_uses_info 000000018000b940 f   c3_Chua_LQr.obj
 0001:0000a970       sf_c3_Chua_LQr_jit_fallback_info 000000018000b970 f   c3_Chua_LQr.obj
 0001:0000aa40       sf_c3_Chua_LQr_updateBuildInfo_args_info 000000018000ba40 f   c3_Chua_LQr.obj
 0001:0000aa70       sf_c3_Chua_LQr_get_post_codegen_info 000000018000ba70 f   c3_Chua_LQr.obj
 0001:0000ab40       c3_Chua_LQr_method_dispatcher 000000018000bb40 f   c3_Chua_LQr.obj
 0001:0000d950       sf_process_check_sum_call  000000018000e950 f   Chua_LQr_sfun_registry.obj
 0001:0000d9a0       sf_process_machine_uses_exported_functions_call 000000018000e9a0 f   Chua_LQr_sfun_registry.obj
 0001:0000daf0       sf_process_autoinheritance_call 000000018000eaf0 f   Chua_LQr_sfun_registry.obj
 0001:0000dc90       sf_process_get_third_party_uses_info_call 000000018000ec90 f   Chua_LQr_sfun_registry.obj
 0001:0000de30       sf_process_get_jit_fallback_info_call 000000018000ee30 f   Chua_LQr_sfun_registry.obj
 0001:0000dfd0       sf_process_get_updateBuildInfo_args_info_call 000000018000efd0 f   Chua_LQr_sfun_registry.obj
 0001:0000e170       sf_process_get_eml_resolved_functions_info_call 000000018000f170 f   Chua_LQr_sfun_registry.obj
 0001:0000e2f0       sf_process_get_post_codegen_info 000000018000f2f0 f   Chua_LQr_sfun_registry.obj
 0001:0000e440       sf_mex_unlock_call         000000018000f440 f   Chua_LQr_sfun_registry.obj
 0001:0000e4f0       sf_machine_global_initializer_called 000000018000f4f0 f   Chua_LQr_sfun_registry.obj
 0001:0000e520       sf_machine_global_method_dispatcher 000000018000f520 f   Chua_LQr_sfun_registry.obj
 0001:0000e580       sf_machine_global_terminator 000000018000f580 f   Chua_LQr_sfun_registry.obj
 0001:0000e5d0       sf_register_machine_exported_symbols 000000018000f5d0 f   Chua_LQr_sfun_registry.obj
 0001:0000e5f0       callCustomFcn              000000018000f5f0 f   Chua_LQr_sfun_registry.obj
 0001:0000e600       sf_machine_global_initializer 000000018000f600 f   Chua_LQr_sfun_registry.obj
 0001:0000e680       mdlGetSimState             000000018000f680 f   Chua_LQr_sfun_registry.obj
 0001:0000e700       mdlSetSimState             000000018000f700 f   Chua_LQr_sfun_registry.obj
 0001:0000e740       _ssSetStateAbsTol          000000018000f740 f   Chua_LQr_sfun_registry.obj
 0001:0000e820       _ssGetAbsTol               000000018000f820 f   Chua_LQr_sfun_registry.obj
 0001:0000e890       _ssSetInputPortMatrixDimensions 000000018000f890 f   Chua_LQr_sfun_registry.obj
 0001:0000e9a0       _ssSetOutputPortMatrixDimensions 000000018000f9a0 f   Chua_LQr_sfun_registry.obj
 0001:0000eab0       _ssSetInputPortVectorDimension 000000018000fab0 f   Chua_LQr_sfun_registry.obj
 0001:0000eb80       _ssSetOutputPortVectorDimension 000000018000fb80 f   Chua_LQr_sfun_registry.obj
 0001:0000ec50       ssIsRunTimeParamTunable    000000018000fc50 f   Chua_LQr_sfun_registry.obj
 0001:0000ecc0       ssGetSFuncBlockHandle      000000018000fcc0 f   Chua_LQr_sfun_registry.obj
 0001:0000ed30       _ssGetCurrentInputPortWidth 000000018000fd30 f   Chua_LQr_sfun_registry.obj
 0001:0000ee50       _ssGetCurrentOutputPortWidth 000000018000fe50 f   Chua_LQr_sfun_registry.obj
 0001:0000ef70       _ssGetCallSystemNumFcnCallDestinations 000000018000ff70 f   Chua_LQr_sfun_registry.obj
 0001:0000efe0       ssWarning                  000000018000ffe0 f   Chua_LQr_sfun_registry.obj
 0001:0000f0f0       ssGetIsZeroCrossControlDisabled 00000001800100f0 f   Chua_LQr_sfun_registry.obj
 0001:0000f160       ssSetIsInputPortUsedForContZcSignal 0000000180010160 f   Chua_LQr_sfun_registry.obj
 0001:0000f1d0       ssSetZcSignalIsZcElementDisc 00000001800101d0 f   Chua_LQr_sfun_registry.obj
 0001:0000f280       ssSetZcSignalName          0000000180010280 f   Chua_LQr_sfun_registry.obj
 0001:0000f2f0       ssSetZcSignalWidth         00000001800102f0 f   Chua_LQr_sfun_registry.obj
 0001:0000f360       ssSetZcSignalZcEventType   0000000180010360 f   Chua_LQr_sfun_registry.obj
 0001:0000f3d0       ssSetZcSignalType          00000001800103d0 f   Chua_LQr_sfun_registry.obj
 0001:0000f440       ssSetZcSignalZcTol         0000000180010440 f   Chua_LQr_sfun_registry.obj
 0001:0000f4b0       ssSetZcSignalNeedsEventNotification 00000001800104b0 f   Chua_LQr_sfun_registry.obj
 0001:0000f520       ssCreateAndAddZcSignalInfo 0000000180010520 f   Chua_LQr_sfun_registry.obj
 0001:0000f590       ssCloneAndAddZcSignalInfo  0000000180010590 f   Chua_LQr_sfun_registry.obj
 0001:0000f600       ssGetNumZcSignals          0000000180010600 f   Chua_LQr_sfun_registry.obj
 0001:0000f670       ssGetZcSignalVector        0000000180010670 f   Chua_LQr_sfun_registry.obj
 0001:0000f6e0       ssGetZcSignalZcEvents      00000001800106e0 f   Chua_LQr_sfun_registry.obj
 0001:0000f750       ssGetZcSignalName          0000000180010750 f   Chua_LQr_sfun_registry.obj
 0001:0000f7c0       ssGetZcSignalWidth         00000001800107c0 f   Chua_LQr_sfun_registry.obj
 0001:0000f830       ssGetZcSignalZcEventType   0000000180010830 f   Chua_LQr_sfun_registry.obj
 0001:0000f8a0       ssGetZcSignalType          00000001800108a0 f   Chua_LQr_sfun_registry.obj
 0001:0000f910       ssGetZcSignalZcTol         0000000180010910 f   Chua_LQr_sfun_registry.obj
 0001:0000f990       ssGetZcSignalNeedsEventNotification 0000000180010990 f   Chua_LQr_sfun_registry.obj
 0001:0000fa00       ssGetZcSignalIsZcElementDisc 0000000180010a00 f   Chua_LQr_sfun_registry.obj
 0001:0000faa0       ssGetIsInputPortElementContinuous 0000000180010aa0 f   Chua_LQr_sfun_registry.obj
 0001:0000fb40       _ssGetInputPortSignalPtrsFcn 0000000180010b40 f   Chua_LQr_sfun_registry.obj
 0001:0000fe00       _ssGetInputPortSignalFcn   0000000180010e00 f   Chua_LQr_sfun_registry.obj
 0001:00010020       _ssSetInputPortDirectFeedThroughFcn 0000000180011020 f   Chua_LQr_sfun_registry.obj
 0001:00010180       _ssSetInputPortReusableFcn 0000000180011180 f   Chua_LQr_sfun_registry.obj
 0001:00010270       _ssSetOutputPortReusableFcn 0000000180011270 f   Chua_LQr_sfun_registry.obj
 0001:00010350       ssGetDTypeIdFromMxArray    0000000180011350 f   Chua_LQr_sfun_registry.obj
 0001:00010470       ssWriteRTWStr              0000000180011470 f   Chua_LQr_sfun_registry.obj
 0001:000104d0       ssWriteRTWMxVectParam      00000001800114d0 f   Chua_LQr_sfun_registry.obj
 0001:00010530       ssWriteRTWMx2dMatParam     0000000180011530 f   Chua_LQr_sfun_registry.obj
 0001:000105b0       ssWriteRTWNameValuePair    00000001800115b0 f   Chua_LQr_sfun_registry.obj
 0001:00010aa0       ssWriteRTWParameters       0000000180011aa0 f   Chua_LQr_sfun_registry.obj
 0001:000110a0       ssWriteRTWParamSettings    00000001800120a0 f   Chua_LQr_sfun_registry.obj
 0001:00011770       ssWriteRTWWorkVect         0000000180012770 f   Chua_LQr_sfun_registry.obj
 0001:00011c70       mexFunction                0000000180012c70 f   Chua_LQr_sfun_registry.obj
 0001:00014190       ProcessMexSfunctionEveryCall 0000000180015190 f   Chua_LQr_sfun_registry.obj
 0001:00014312       sf_debug_set_machine_data_thresholds 0000000180015312 f   sf_runtime:sf_runtime.dll
 0001:00014318       sf_debug_set_machine_event_thresholds 0000000180015318 f   sf_runtime:sf_runtime.dll
 0001:0001431e       sf_debug_initialize_machine 000000018001531e f   sf_runtime:sf_runtime.dll
 0001:00014324       sf_load_rtw_optimization_info 0000000180015324 f   sf_runtime:sf_runtime.dll
 0001:0001432a       sf_mex_emlrtNameCapturePostProcessR2012a 000000018001532a f   sf_runtime:sf_runtime.dll
 0001:00014330       sf_mex_assign              0000000180015330 f   sf_runtime:sf_runtime.dll
 0001:00014336       sf_mex_createstruct        0000000180015336 f   sf_runtime:sf_runtime.dll
 0001:0001433c       sf_mex_destroy             000000018001533c f   sf_runtime:sf_runtime.dll
 0001:00014342       sf_mex_duplicatearraysafe  0000000180015342 f   sf_runtime:sf_runtime.dll
 0001:00014348       sf_mex_createcellmatrix    0000000180015348 f   sf_runtime:sf_runtime.dll
 0001:0001434e       sf_mex_addfield            000000018001534e f   sf_runtime:sf_runtime.dll
 0001:00014354       sf_mex_create              0000000180015354 f   sf_runtime:sf_runtime.dll
 0001:0001435a       sf_mex_error_message       000000018001535a f   sf_runtime:sf_runtime.dll
 0001:00014360       sf_set_rtw_dwork_info      0000000180015360 f   sf_runtime:sf_runtime.dll
 0001:00014366       sf_mark_chart_reusable_outputs 0000000180015366 f   sf_runtime:sf_runtime.dll
 0001:0001436c       sf_mark_chart_expressionable_inputs 000000018001536c f   sf_runtime:sf_runtime.dll
 0001:00014372       sf_update_buildInfo        0000000180015372 f   sf_runtime:sf_runtime.dll
 0001:00014378       sf_rtw_info_uint_prop      0000000180015378 f   sf_runtime:sf_runtime.dll
 0001:0001437e       sf_is_chart_inlinable      000000018001537e f   sf_runtime:sf_runtime.dll
 0001:00014384       sim_mode_is_external       0000000180015384 f   sf_runtime:sf_runtime.dll
 0001:0001438a       sim_mode_is_rtw_gen        000000018001538a f   sf_runtime:sf_runtime.dll
 0001:00014390       ssGetOutputPortSignal_wrapper 0000000180015390 f   sf_runtime:sf_runtime.dll
 0001:00014396       ssGetInputPortSignal_wrapper 0000000180015396 f   sf_runtime:sf_runtime.dll
 0001:0001439c       sf_mex_decode_encoded_mx_struct_array 000000018001539c f   sf_runtime:sf_runtime.dll
 0001:000143a2       sf_debug_reset_current_state_configuration 00000001800153a2 f   sf_runtime:sf_runtime.dll
 0001:000143a8       sf_debug_set_instance_data_value_ptr 00000001800153a8 f   sf_runtime:sf_runtime.dll
 0001:000143ae       sf_debug_set_chart_data_compiled_props 00000001800153ae f   sf_runtime:sf_runtime.dll
 0001:000143b4       cv_eml_init_fcn            00000001800153b4 f   sf_runtime:sf_runtime.dll
 0001:000143ba       cv_eml_init_script         00000001800153ba f   sf_runtime:sf_runtime.dll
 0001:000143c0       sf_debug_cv_init_trans     00000001800153c0 f   sf_runtime:sf_runtime.dll
 0001:000143c6       sf_debug_cv_init_state     00000001800153c6 f   sf_runtime:sf_runtime.dll
 0001:000143cc       sf_debug_cv_init_chart     00000001800153cc f   sf_runtime:sf_runtime.dll
 0001:000143d2       sf_debug_set_chart_decomposition 00000001800153d2 f   sf_runtime:sf_runtime.dll
 0001:000143d8       sf_debug_set_chart_substate_count 00000001800153d8 f   sf_runtime:sf_runtime.dll
 0001:000143de       sf_debug_set_chart_state_info 00000001800153de f   sf_runtime:sf_runtime.dll
 0001:000143e4       sf_debug_set_chart_data_props 00000001800153e4 f   sf_runtime:sf_runtime.dll
 0001:000143ea       sf_debug_set_chart_event_thresholds 00000001800153ea f   sf_runtime:sf_runtime.dll
 0001:000143f0       sf_debug_set_chart_disable_implicit_casting 00000001800153f0 f   sf_runtime:sf_runtime.dll
 0001:000143f6       sf_debug_initialize_chart  00000001800153f6 f   sf_runtime:sf_runtime.dll
 0001:000143fc       sf_mex_dup                 00000001800153fc f   sf_runtime:sf_runtime.dll
 0001:00014402       sf_mex_import              0000000180015402 f   sf_runtime:sf_runtime.dll
 0001:00014408       sf_get_time                0000000180015408 f   sf_runtime:sf_runtime.dll
 0001:0001440e       sf_debug_check_for_state_inconsistency 000000018001540e f   sf_runtime:sf_runtime.dll
 0001:00014414       sf_debug_symbol_scope_pop  0000000180015414 f   sf_runtime:sf_runtime.dll
 0001:0001441a       eml_debug_line_call        000000018001541a f   sf_runtime:sf_runtime.dll
 0001:00014420       cv_eml_eval                0000000180015420 f   sf_runtime:sf_runtime.dll
 0001:00014426       sf_debug_symbol_scope_add_eml_importable 0000000180015426 f   sf_runtime:sf_runtime.dll
 0001:0001442c       sf_debug_symbol_scope_add_eml 000000018001542c f   sf_runtime:sf_runtime.dll
 0001:00014432       sf_debug_symbol_scope_push_eml 0000000180015432 f   sf_runtime:sf_runtime.dll
 0001:00014438       sf_debug_data_range_wrapper 0000000180015438 f   sf_runtime:sf_runtime.dll
 0001:0001443e       sf_debug_call              000000018001543e f   sf_runtime:sf_runtime.dll
 0001:00014444       sf_debug_symbol_scope_push 0000000180015444 f   sf_runtime:sf_runtime.dll
 0001:0001444a       sf_mex_setcell             000000018001544a f   sf_runtime:sf_runtime.dll
 0001:00014450       sf_mex_getcell             0000000180015450 f   sf_runtime:sf_runtime.dll
 0001:00014456       sf_clear_rtw_identifier    0000000180015456 f   sf_runtime:sf_runtime.dll
 0001:0001445c       sf_debug_terminate         000000018001545c f   sf_runtime:sf_runtime.dll
 0001:00014462       sf_debug_create_debug_instance_struct 0000000180015462 f   sf_runtime:sf_runtime.dll
 0001:00014468       sf_debug_api               0000000180015468 f   sf_runtime:sf_runtime.dll
 0001:0001446e       callMdlMethodAndReportError 000000018001546e f   sf_runtime:sf_runtime.dll
 0001:00014474       call_sf_machine_global_method_dispatcher 0000000180015474 f   sf_runtime:sf_runtime.dll
 0001:0001447a       sf_clear_error_manager_info 000000018001547a f   sf_runtime:sf_runtime.dll
 0001:00014480       sf_mex_error_direct_call   0000000180015480 f   sf_runtime:sf_runtime.dll
 0001:00014486       mxCreateLogicalScalar      0000000180015486 f   libmx:libmx.dll
 0001:0001448c       mxGetScalar                000000018001548c f   libmx:libmx.dll
 0001:00014492       mxGetPr                    0000000180015492 f   libmx:libmx.dll
 0001:00014498       mxCreateDoubleMatrix_730   0000000180015498 f   libmx:libmx.dll
 0001:0001449e       mxGetString_730            000000018001549e f   libmx:libmx.dll
 0001:000144a4       mxIsChar                   00000001800154a4 f   libmx:libmx.dll
 0001:000144aa       mxDestroyArray             00000001800154aa f   libmx:libmx.dll
 0001:000144b0       mxDuplicateArray           00000001800154b0 f   libmx:libmx.dll
 0001:000144b6       mxCreateDoubleScalar       00000001800154b6 f   libmx:libmx.dll
 0001:000144bc       mxSetField_730             00000001800154bc f   libmx:libmx.dll
 0001:000144c2       mxCreateString             00000001800154c2 f   libmx:libmx.dll
 0001:000144c8       mxCreateStructMatrix_730   00000001800154c8 f   libmx:libmx.dll
 0001:000144ce       mxCreateCellMatrix_730     00000001800154ce f   libmx:libmx.dll
 0001:000144d4       mxCreateCellArray_730      00000001800154d4 f   libmx:libmx.dll
 0001:000144da       mxCreateStructArray_730    00000001800154da f   libmx:libmx.dll
 0001:000144e0       mxGetClassID               00000001800154e0 f   libmx:libmx.dll
 0001:000144e6       mxIsNumeric                00000001800154e6 f   libmx:libmx.dll
 0001:000144ec       mxIsComplex                00000001800154ec f   libmx:libmx.dll
 0001:000144f2       mxGetN                     00000001800154f2 f   libmx:libmx.dll
 0001:000144f8       mxGetM                     00000001800154f8 f   libmx:libmx.dll
 0001:000144fe       mxCalloc                   00000001800154fe f   libmx:libmx.dll
 0001:00014504       mexMakeArrayPersistent     0000000180015504 f   libmex:libmex.dll
 0001:0001450a       mexUnlock                  000000018001550a f   libmex:libmex.dll
 0001:00014510       mexIsLocked                0000000180015510 f   libmex:libmex.dll
 0001:00014516       mexWarnMsgTxt              0000000180015516 f   libmex:libmex.dll
 0001:0001451c       mexCallMATLABWithObject    000000018001551c f   libmex:libmex.dll
 0001:00014522       mexErrMsgTxt               0000000180015522 f   libmex:libmex.dll
 0001:00014528       mexLock                    0000000180015528 f   libmex:libmex.dll
 0001:0001452e       utMalloc                   000000018001552e f   libut:libut.dll
 0001:00014534       utFree                     0000000180015534 f   libut:libut.dll
 0001:0001453a       muDoubleScalarPower        000000018001553a f   libmwmathutil:libmwmathutil.dll
 0001:00014540       __GSHandlerCheckCommon     0000000180015540 f   MSVCRT:gshandler.obj
 0001:000145a4       __GSHandlerCheck           00000001800155a4 f   MSVCRT:gshandler.obj
 0001:000145c2       strcmp                     00000001800155c2 f   MSVCRT:MSVCR100.dll
 0001:000145e0       __security_check_cookie    00000001800155e0 f   MSVCRT:amdsecgs.obj
 0001:00014600       strlen                     0000000180015600 f   MSVCRT:MSVCR100.dll
 0001:00014606       memset                     0000000180015606 f   MSVCRT:MSVCR100.dll
 0001:0001460c       free                       000000018001560c f   MSVCRT:MSVCR100.dll
 0001:00014612       sprintf                    0000000180015612 f   MSVCRT:MSVCR100.dll
 0001:00014618       malloc                     0000000180015618 f   MSVCRT:MSVCR100.dll
 0001:0001461e       strcat                     000000018001561e f   MSVCRT:MSVCR100.dll
 0001:00014624       memcpy                     0000000180015624 f   MSVCRT:MSVCR100.dll
 0001:0001462c       NtCurrentTeb               000000018001562c f i MSVCRT:crtdll.obj
 0001:00014698       _CRT_INIT                  0000000180015698 f   MSVCRT:crtdll.obj
 0001:00014a30       _DllMainCRTStartup         0000000180015a30 f   MSVCRT:crtdll.obj
 0001:00014a70       __report_gsfailure         0000000180015a70 f   MSVCRT:gs_report.obj
 0001:00014bbc       __clean_type_info_names    0000000180015bbc f   MSVCRT:tncleanup.obj
 0001:00014bc8       _onexit                    0000000180015bc8 f   MSVCRT:atonexit.obj
 0001:00014c78       atexit                     0000000180015c78 f   MSVCRT:atonexit.obj
 0001:00014c90       _RTC_Initialize            0000000180015c90 f   MSVCRT:_initsect_.obj
 0001:00014cc8       _RTC_Terminate             0000000180015cc8 f   MSVCRT:_initsect_.obj
 0001:00014d00       _malloc_crt                0000000180015d00 f   MSVCRT:MSVCR100.dll
 0001:00014d10       _ValidateImageBase         0000000180015d10 f   MSVCRT:pesect.obj
 0001:00014d40       _FindPESection             0000000180015d40 f   MSVCRT:pesect.obj
 0001:00014d90       _IsNonwritableInCurrentImage 0000000180015d90 f   MSVCRT:pesect.obj
 0001:00014dd2       _initterm                  0000000180015dd2 f   MSVCRT:MSVCR100.dll
 0001:00014dd8       _initterm_e                0000000180015dd8 f   MSVCRT:MSVCR100.dll
 0001:00014dde       _encoded_null              0000000180015dde f   MSVCRT:MSVCR100.dll
 0001:00014de4       _amsg_exit                 0000000180015de4 f   MSVCRT:MSVCR100.dll
 0001:00014dea       __C_specific_handler       0000000180015dea f   MSVCRT:MSVCR100.dll
 0001:00014df0       __CppXcptFilter            0000000180015df0 f   MSVCRT:MSVCR100.dll
 0001:00014df8       DllMain                    0000000180015df8 f   MSVCRT:dllmain.obj
 0001:00014e1c       __security_init_cookie     0000000180015e1c f   MSVCRT:gs_support.obj
 0001:00014ed0       __crt_debugger_hook        0000000180015ed0 f   MSVCRT:MSVCR100.dll
 0001:00014ed6       __clean_type_info_names_internal 0000000180015ed6 f   MSVCRT:MSVCR100.dll
 0001:00014edc       _unlock                    0000000180015edc f   MSVCRT:MSVCR100.dll
 0001:00014ee2       __dllonexit                0000000180015ee2 f   MSVCRT:MSVCR100.dll
 0001:00014ee8       _lock                      0000000180015ee8 f   MSVCRT:MSVCR100.dll
 0001:00014eee       EncodePointer              0000000180015eee f   kernel32:KERNEL32.dll
 0001:00014ef4       DecodePointer              0000000180015ef4 f   kernel32:KERNEL32.dll
 0001:00014efa       Sleep                      0000000180015efa f   kernel32:KERNEL32.dll
 0001:00014f00       TerminateProcess           0000000180015f00 f   kernel32:KERNEL32.dll
 0001:00014f06       GetCurrentProcess          0000000180015f06 f   kernel32:KERNEL32.dll
 0001:00014f0c       UnhandledExceptionFilter   0000000180015f0c f   kernel32:KERNEL32.dll
 0001:00014f12       SetUnhandledExceptionFilter 0000000180015f12 f   kernel32:KERNEL32.dll
 0001:00014f18       IsDebuggerPresent          0000000180015f18 f   kernel32:KERNEL32.dll
 0001:00014f1e       RtlVirtualUnwind           0000000180015f1e f   kernel32:KERNEL32.dll
 0001:00014f24       RtlLookupFunctionEntry     0000000180015f24 f   kernel32:KERNEL32.dll
 0001:00014f2a       RtlCaptureContext          0000000180015f2a f   kernel32:KERNEL32.dll
 0001:00014f30       DisableThreadLibraryCalls  0000000180015f30 f   kernel32:KERNEL32.dll
 0001:00014f36       QueryPerformanceCounter    0000000180015f36 f   kernel32:KERNEL32.dll
 0001:00014f3c       GetTickCount               0000000180015f3c f   kernel32:KERNEL32.dll
 0001:00014f42       GetCurrentThreadId         0000000180015f42 f   kernel32:KERNEL32.dll
 0001:00014f48       GetCurrentProcessId        0000000180015f48 f   kernel32:KERNEL32.dll
 0001:00014f4e       GetSystemTimeAsFileTime    0000000180015f4e f   kernel32:KERNEL32.dll
 0002:00000000       __imp_GetSystemTimeAsFileTime 0000000180016000     kernel32:KERNEL32.dll
 0002:00000008       __imp_GetCurrentProcessId  0000000180016008     kernel32:KERNEL32.dll
 0002:00000010       __imp_GetCurrentThreadId   0000000180016010     kernel32:KERNEL32.dll
 0002:00000018       __imp_GetTickCount         0000000180016018     kernel32:KERNEL32.dll
 0002:00000020       __imp_QueryPerformanceCounter 0000000180016020     kernel32:KERNEL32.dll
 0002:00000028       __imp_DisableThreadLibraryCalls 0000000180016028     kernel32:KERNEL32.dll
 0002:00000030       __imp_RtlCaptureContext    0000000180016030     kernel32:KERNEL32.dll
 0002:00000038       __imp_RtlLookupFunctionEntry 0000000180016038     kernel32:KERNEL32.dll
 0002:00000040       __imp_RtlVirtualUnwind     0000000180016040     kernel32:KERNEL32.dll
 0002:00000048       __imp_IsDebuggerPresent    0000000180016048     kernel32:KERNEL32.dll
 0002:00000050       __imp_SetUnhandledExceptionFilter 0000000180016050     kernel32:KERNEL32.dll
 0002:00000058       __imp_UnhandledExceptionFilter 0000000180016058     kernel32:KERNEL32.dll
 0002:00000060       __imp_GetCurrentProcess    0000000180016060     kernel32:KERNEL32.dll
 0002:00000068       __imp_TerminateProcess     0000000180016068     kernel32:KERNEL32.dll
 0002:00000070       __imp_Sleep                0000000180016070     kernel32:KERNEL32.dll
 0002:00000078       __imp_DecodePointer        0000000180016078     kernel32:KERNEL32.dll
 0002:00000080       __imp_EncodePointer        0000000180016080     kernel32:KERNEL32.dll
 0002:00000088       \177KERNEL32_NULL_THUNK_DATA 0000000180016088     kernel32:KERNEL32.dll
 0002:00000090       __imp__onexit              0000000180016090     MSVCRT:MSVCR100.dll
 0002:00000098       __imp__lock                0000000180016098     MSVCRT:MSVCR100.dll
 0002:000000a0       __imp___dllonexit          00000001800160a0     MSVCRT:MSVCR100.dll
 0002:000000a8       __imp__unlock              00000001800160a8     MSVCRT:MSVCR100.dll
 0002:000000b0       __imp___clean_type_info_names_internal 00000001800160b0     MSVCRT:MSVCR100.dll
 0002:000000b8       __imp___crt_debugger_hook  00000001800160b8     MSVCRT:MSVCR100.dll
 0002:000000c0       __imp___CppXcptFilter      00000001800160c0     MSVCRT:MSVCR100.dll
 0002:000000c8       __imp___C_specific_handler 00000001800160c8     MSVCRT:MSVCR100.dll
 0002:000000d0       __imp__amsg_exit           00000001800160d0     MSVCRT:MSVCR100.dll
 0002:000000d8       __imp__encoded_null        00000001800160d8     MSVCRT:MSVCR100.dll
 0002:000000e0       __imp__initterm_e          00000001800160e0     MSVCRT:MSVCR100.dll
 0002:000000e8       __imp__initterm            00000001800160e8     MSVCRT:MSVCR100.dll
 0002:000000f0       __imp__malloc_crt          00000001800160f0     MSVCRT:MSVCR100.dll
 0002:000000f8       __imp_memcpy               00000001800160f8     MSVCRT:MSVCR100.dll
 0002:00000100       __imp_strcat               0000000180016100     MSVCRT:MSVCR100.dll
 0002:00000108       __imp_malloc               0000000180016108     MSVCRT:MSVCR100.dll
 0002:00000110       __imp_sprintf              0000000180016110     MSVCRT:MSVCR100.dll
 0002:00000118       __imp_free                 0000000180016118     MSVCRT:MSVCR100.dll
 0002:00000120       __imp_memset               0000000180016120     MSVCRT:MSVCR100.dll
 0002:00000128       __imp_strlen               0000000180016128     MSVCRT:MSVCR100.dll
 0002:00000130       __imp_strcmp               0000000180016130     MSVCRT:MSVCR100.dll
 0002:00000138       \177MSVCR100_NULL_THUNK_DATA 0000000180016138     MSVCRT:MSVCR100.dll
 0002:00000140       __imp_mexCallMATLABWithObject 0000000180016140     libmex:libmex.dll
 0002:00000148       __imp_mexUnlock            0000000180016148     libmex:libmex.dll
 0002:00000150       __imp_mexLock              0000000180016150     libmex:libmex.dll
 0002:00000158       __imp_mexErrMsgTxt         0000000180016158     libmex:libmex.dll
 0002:00000160       __imp_mexMakeArrayPersistent 0000000180016160     libmex:libmex.dll
 0002:00000168       __imp_mexWarnMsgTxt        0000000180016168     libmex:libmex.dll
 0002:00000170       __imp_mexIsLocked          0000000180016170     libmex:libmex.dll
 0002:00000178       \177libmex_NULL_THUNK_DATA 0000000180016178     libmex:libmex.dll
 0002:00000180       __imp_muDoubleScalarPower  0000000180016180     libmwmathutil:libmwmathutil.dll
 0002:00000188       \177libmwmathutil_NULL_THUNK_DATA 0000000180016188     libmwmathutil:libmwmathutil.dll
 0002:00000190       __imp_mxCalloc             0000000180016190     libmx:libmx.dll
 0002:00000198       __imp_mxGetM               0000000180016198     libmx:libmx.dll
 0002:000001a0       __imp_mxGetN               00000001800161a0     libmx:libmx.dll
 0002:000001a8       __imp_mxIsComplex          00000001800161a8     libmx:libmx.dll
 0002:000001b0       __imp_mxIsNumeric          00000001800161b0     libmx:libmx.dll
 0002:000001b8       __imp_mxGetClassID         00000001800161b8     libmx:libmx.dll
 0002:000001c0       __imp_mxCreateStructArray_730 00000001800161c0     libmx:libmx.dll
 0002:000001c8       __imp_mxCreateCellArray_730 00000001800161c8     libmx:libmx.dll
 0002:000001d0       __imp_mxCreateCellMatrix_730 00000001800161d0     libmx:libmx.dll
 0002:000001d8       __imp_mxCreateStructMatrix_730 00000001800161d8     libmx:libmx.dll
 0002:000001e0       __imp_mxCreateString       00000001800161e0     libmx:libmx.dll
 0002:000001e8       __imp_mxSetField_730       00000001800161e8     libmx:libmx.dll
 0002:000001f0       __imp_mxCreateLogicalScalar 00000001800161f0     libmx:libmx.dll
 0002:000001f8       __imp_mxGetScalar          00000001800161f8     libmx:libmx.dll
 0002:00000200       __imp_mxGetPr              0000000180016200     libmx:libmx.dll
 0002:00000208       __imp_mxCreateDoubleMatrix_730 0000000180016208     libmx:libmx.dll
 0002:00000210       __imp_mxGetString_730      0000000180016210     libmx:libmx.dll
 0002:00000218       __imp_mxIsChar             0000000180016218     libmx:libmx.dll
 0002:00000220       __imp_mxDestroyArray       0000000180016220     libmx:libmx.dll
 0002:00000228       __imp_mxDuplicateArray     0000000180016228     libmx:libmx.dll
 0002:00000230       __imp_mxCreateDoubleScalar 0000000180016230     libmx:libmx.dll
 0002:00000238       \177libmx_NULL_THUNK_DATA  0000000180016238     libmx:libmx.dll
 0002:00000240       __imp_utMalloc             0000000180016240     libut:libut.dll
 0002:00000248       __imp_utFree               0000000180016248     libut:libut.dll
 0002:00000250       \177libut_NULL_THUNK_DATA  0000000180016250     libut:libut.dll
 0002:00000258       __imp_call_sf_machine_global_method_dispatcher 0000000180016258     sf_runtime:sf_runtime.dll
 0002:00000260       __imp_callMdlMethodAndReportError 0000000180016260     sf_runtime:sf_runtime.dll
 0002:00000268       __imp_sf_debug_api         0000000180016268     sf_runtime:sf_runtime.dll
 0002:00000270       __imp_sf_debug_create_debug_instance_struct 0000000180016270     sf_runtime:sf_runtime.dll
 0002:00000278       __imp_sf_debug_terminate   0000000180016278     sf_runtime:sf_runtime.dll
 0002:00000280       __imp_sf_clear_rtw_identifier 0000000180016280     sf_runtime:sf_runtime.dll
 0002:00000288       __imp_sf_mex_getcell       0000000180016288     sf_runtime:sf_runtime.dll
 0002:00000290       __imp_sf_mex_setcell       0000000180016290     sf_runtime:sf_runtime.dll
 0002:00000298       __imp_sf_clear_error_manager_info 0000000180016298     sf_runtime:sf_runtime.dll
 0002:000002a0       __imp_sf_debug_call        00000001800162a0     sf_runtime:sf_runtime.dll
 0002:000002a8       __imp_sf_debug_data_range_wrapper 00000001800162a8     sf_runtime:sf_runtime.dll
 0002:000002b0       __imp_sf_debug_symbol_scope_push_eml 00000001800162b0     sf_runtime:sf_runtime.dll
 0002:000002b8       __imp_sf_debug_symbol_scope_add_eml 00000001800162b8     sf_runtime:sf_runtime.dll
 0002:000002c0       __imp_sf_debug_symbol_scope_add_eml_importable 00000001800162c0     sf_runtime:sf_runtime.dll
 0002:000002c8       __imp_cv_eml_eval          00000001800162c8     sf_runtime:sf_runtime.dll
 0002:000002d0       __imp_eml_debug_line_call  00000001800162d0     sf_runtime:sf_runtime.dll
 0002:000002d8       __imp_sf_debug_symbol_scope_pop 00000001800162d8     sf_runtime:sf_runtime.dll
 0002:000002e0       __imp_sf_debug_check_for_state_inconsistency 00000001800162e0     sf_runtime:sf_runtime.dll
 0002:000002e8       __imp_sf_mex_error_direct_call 00000001800162e8     sf_runtime:sf_runtime.dll
 0002:000002f0       __imp_sf_debug_symbol_scope_push 00000001800162f0     sf_runtime:sf_runtime.dll
 0002:000002f8       __imp_sf_get_time          00000001800162f8     sf_runtime:sf_runtime.dll
 0002:00000300       __imp_sf_mex_import        0000000180016300     sf_runtime:sf_runtime.dll
 0002:00000308       __imp_sf_mex_dup           0000000180016308     sf_runtime:sf_runtime.dll
 0002:00000310       __imp_sf_debug_initialize_chart 0000000180016310     sf_runtime:sf_runtime.dll
 0002:00000318       __imp_sf_debug_set_chart_disable_implicit_casting 0000000180016318     sf_runtime:sf_runtime.dll
 0002:00000320       __imp_sf_debug_set_chart_event_thresholds 0000000180016320     sf_runtime:sf_runtime.dll
 0002:00000328       __imp_sf_debug_set_chart_data_props 0000000180016328     sf_runtime:sf_runtime.dll
 0002:00000330       __imp_sf_debug_set_chart_state_info 0000000180016330     sf_runtime:sf_runtime.dll
 0002:00000338       __imp_sf_debug_set_chart_substate_count 0000000180016338     sf_runtime:sf_runtime.dll
 0002:00000340       __imp_sf_debug_set_chart_decomposition 0000000180016340     sf_runtime:sf_runtime.dll
 0002:00000348       __imp_sf_debug_cv_init_chart 0000000180016348     sf_runtime:sf_runtime.dll
 0002:00000350       __imp_sf_debug_cv_init_state 0000000180016350     sf_runtime:sf_runtime.dll
 0002:00000358       __imp_sf_debug_cv_init_trans 0000000180016358     sf_runtime:sf_runtime.dll
 0002:00000360       __imp_cv_eml_init_script   0000000180016360     sf_runtime:sf_runtime.dll
 0002:00000368       __imp_cv_eml_init_fcn      0000000180016368     sf_runtime:sf_runtime.dll
 0002:00000370       __imp_sf_debug_set_chart_data_compiled_props 0000000180016370     sf_runtime:sf_runtime.dll
 0002:00000378       __imp_sf_debug_set_instance_data_value_ptr 0000000180016378     sf_runtime:sf_runtime.dll
 0002:00000380       __imp_sf_debug_reset_current_state_configuration 0000000180016380     sf_runtime:sf_runtime.dll
 0002:00000388       __imp_sf_mex_decode_encoded_mx_struct_array 0000000180016388     sf_runtime:sf_runtime.dll
 0002:00000390       __imp_ssGetInputPortSignal_wrapper 0000000180016390     sf_runtime:sf_runtime.dll
 0002:00000398       __imp_ssGetOutputPortSignal_wrapper 0000000180016398     sf_runtime:sf_runtime.dll
 0002:000003a0       __imp_sim_mode_is_rtw_gen  00000001800163a0     sf_runtime:sf_runtime.dll
 0002:000003a8       __imp_sim_mode_is_external 00000001800163a8     sf_runtime:sf_runtime.dll
 0002:000003b0       __imp_sf_is_chart_inlinable 00000001800163b0     sf_runtime:sf_runtime.dll
 0002:000003b8       __imp_sf_rtw_info_uint_prop 00000001800163b8     sf_runtime:sf_runtime.dll
 0002:000003c0       __imp_sf_update_buildInfo  00000001800163c0     sf_runtime:sf_runtime.dll
 0002:000003c8       __imp_sf_mark_chart_expressionable_inputs 00000001800163c8     sf_runtime:sf_runtime.dll
 0002:000003d0       __imp_sf_mark_chart_reusable_outputs 00000001800163d0     sf_runtime:sf_runtime.dll
 0002:000003d8       __imp_sf_set_rtw_dwork_info 00000001800163d8     sf_runtime:sf_runtime.dll
 0002:000003e0       __imp_sf_mex_error_message 00000001800163e0     sf_runtime:sf_runtime.dll
 0002:000003e8       __imp_sf_mex_create        00000001800163e8     sf_runtime:sf_runtime.dll
 0002:000003f0       __imp_sf_mex_addfield      00000001800163f0     sf_runtime:sf_runtime.dll
 0002:000003f8       __imp_sf_mex_createcellmatrix 00000001800163f8     sf_runtime:sf_runtime.dll
 0002:00000400       __imp_sf_mex_duplicatearraysafe 0000000180016400     sf_runtime:sf_runtime.dll
 0002:00000408       __imp_sf_mex_destroy       0000000180016408     sf_runtime:sf_runtime.dll
 0002:00000410       __imp_sf_mex_createstruct  0000000180016410     sf_runtime:sf_runtime.dll
 0002:00000418       __imp_sf_mex_assign        0000000180016418     sf_runtime:sf_runtime.dll
 0002:00000420       __imp_sf_mex_emlrtNameCapturePostProcessR2012a 0000000180016420     sf_runtime:sf_runtime.dll
 0002:00000428       __imp_sf_load_rtw_optimization_info 0000000180016428     sf_runtime:sf_runtime.dll
 0002:00000430       __imp_sf_debug_initialize_machine 0000000180016430     sf_runtime:sf_runtime.dll
 0002:00000438       __imp_sf_debug_set_machine_event_thresholds 0000000180016438     sf_runtime:sf_runtime.dll
 0002:00000440       __imp_sf_debug_set_machine_data_thresholds 0000000180016440     sf_runtime:sf_runtime.dll
 0002:00000448       \177sf_runtime_NULL_THUNK_DATA 0000000180016448     sf_runtime:sf_runtime.dll
 0002:00000450       __xc_a                     0000000180016450     MSVCRT:cinitexe.obj
 0002:00000458       __xc_z                     0000000180016458     MSVCRT:cinitexe.obj
 0002:00000460       __xi_a                     0000000180016460     MSVCRT:cinitexe.obj
 0002:00000470       __xi_z                     0000000180016470     MSVCRT:cinitexe.obj
 0002:00000480       __real@41d2bc45e0800000    0000000180016480     Chua_LQr_sfun.obj
 0002:00000488       __real@41e4709301c00000    0000000180016488     Chua_LQr_sfun.obj
 0002:00000490       __real@41d09d123a000000    0000000180016490     Chua_LQr_sfun.obj
 0002:00000498       __real@41ded2e8a8000000    0000000180016498     Chua_LQr_sfun.obj
 0002:000004a0       __real@41e1914a24400000    00000001800164a0     Chua_LQr_sfun.obj
 0002:000004a8       __real@41ead1319ec00000    00000001800164a8     Chua_LQr_sfun.obj
 0002:000004b0       __real@41ddae3573400000    00000001800164b0     Chua_LQr_sfun.obj
 0002:000004b8       __real@41e6cf0aa2400000    00000001800164b8     Chua_LQr_sfun.obj
 0002:000004c0       __real@41eaa154f9000000    00000001800164c0     Chua_LQr_sfun.obj
 0002:000004c8       __real@41d6c3114b000000    00000001800164c8     Chua_LQr_sfun.obj
 0002:000004d0       __real@41e304386c800000    00000001800164d0     Chua_LQr_sfun.obj
 0002:000004d8       __real@41d82ab463c00000    00000001800164d8     Chua_LQr_sfun.obj
 0002:000004e0       __real@41a6ca5892000000    00000001800164e0     Chua_LQr_sfun.obj
 0002:000004e8       __real@41eb4faf1c000000    00000001800164e8     Chua_LQr_sfun.obj
 0002:000004f0       __real@41eb46e2f1800000    00000001800164f0     Chua_LQr_sfun.obj
 0002:000004f8       __real@41cd5209b3800000    00000001800164f8     Chua_LQr_sfun.obj
 0002:00000500       __real@41c8304cca000000    0000000180016500     c2_Chua_LQr.obj
 0002:00000508       __real@41d5493f9c800000    0000000180016508     c2_Chua_LQr.obj
 0002:00000510       __real@41ec934912a00000    0000000180016510     c2_Chua_LQr.obj
 0002:00000518       __real@41e3ea27e6600000    0000000180016518     c2_Chua_LQr.obj
 0002:00000520       __real@4024000000000000    0000000180016520     c2_Chua_LQr.obj
 0002:00000528       __real@3ff0000000000000    0000000180016528     c2_Chua_LQr.obj
 0002:00000530       __real@4008000000000000    0000000180016530     c2_Chua_LQr.obj
 0002:00000538       __real@c02c924924924925    0000000180016538     c2_Chua_LQr.obj
 0002:00000540       __real@4000000000000000    0000000180016540     c2_Chua_LQr.obj
 0002:00000548       __real@401c000000000000    0000000180016548     c2_Chua_LQr.obj
 0002:00000550       __real@402c924924924925    0000000180016550     c2_Chua_LQr.obj
 0002:00000558       __real@41dba9dbdc000000    0000000180016558     c3_Chua_LQr.obj
 0002:00000560       __real@41e77d660de00000    0000000180016560     c3_Chua_LQr.obj
 0002:00000568       __real@41ec03452d400000    0000000180016568     c3_Chua_LQr.obj
 0002:00000570       __real@41e4d10a40200000    0000000180016570     c3_Chua_LQr.obj
 0002:00000580       DYNAMIC_DIMENSION_DEF      0000000180016580     Chua_LQr_sfun_registry.obj
 0002:000005a0       _ssBadLevel2InputAccessMsg 00000001800165a0     Chua_LQr_sfun_registry.obj
 0002:00000730       _ssBadLevel2DirectFeedMsg  0000000180016730     Chua_LQr_sfun_registry.obj
 0002:00000870       _ssBadLevel2DirectFeedSolutionMsg 0000000180016870     Chua_LQr_sfun_registry.obj
 0002:000008e0       _ssBadLevel2ZeroDirectFeedMsg 00000001800168e0     Chua_LQr_sfun_registry.obj
 0002:00000a20       _ssBadLevel2ZeroDirectFeedMsg2 0000000180016a20     Chua_LQr_sfun_registry.obj
 0002:00000b08       __real@0000000000000000    0000000180016b08     Chua_LQr_sfun_registry.obj
 0002:00000b10       __real@bff0000000000000    0000000180016b10     Chua_LQr_sfun_registry.obj
 0002:00000b18       __real@41602cbca0000000    0000000180016b18     Chua_LQr_sfun_registry.obj
 0002:00000b20       _pRawDllMain               0000000180016b20     MSVCRT:crtdll.obj
 0002:00000b20       _pDefaultRawDllMain        0000000180016b20     MSVCRT:crtdll.obj
 0002:00000b38       ?ProcessDetach@NativeDll@<CrtImplementationDetails>@@0IB 0000000180016b38     MSVCRT:tncleanup.obj
 0002:00000b3c       ?ProcessAttach@NativeDll@<CrtImplementationDetails>@@0IB 0000000180016b3c     MSVCRT:tncleanup.obj
 0002:00000b40       ?ThreadAttach@NativeDll@<CrtImplementationDetails>@@0IB 0000000180016b40     MSVCRT:tncleanup.obj
 0002:00000b44       ?ThreadDetach@NativeDll@<CrtImplementationDetails>@@0IB 0000000180016b44     MSVCRT:tncleanup.obj
 0002:00000b48       ?ProcessVerifier@NativeDll@<CrtImplementationDetails>@@0IB 0000000180016b48     MSVCRT:tncleanup.obj
 0002:00000b50       __rtc_iaa                  0000000180016b50     MSVCRT:_initsect_.obj
 0002:00000b58       __rtc_izz                  0000000180016b58     MSVCRT:_initsect_.obj
 0002:00000b60       __rtc_taa                  0000000180016b60     MSVCRT:_initsect_.obj
 0002:00000b68       __rtc_tzz                  0000000180016b68     MSVCRT:_initsect_.obj
 0002:000013b0       __IMPORT_DESCRIPTOR_sf_runtime 00000001800173b0     sf_runtime:sf_runtime.dll
 0002:000013c4       __IMPORT_DESCRIPTOR_libmx  00000001800173c4     libmx:libmx.dll
 0002:000013d8       __IMPORT_DESCRIPTOR_libmex 00000001800173d8     libmex:libmex.dll
 0002:000013ec       __IMPORT_DESCRIPTOR_libut  00000001800173ec     libut:libut.dll
 0002:00001400       __IMPORT_DESCRIPTOR_libmwmathutil 0000000180017400     libmwmathutil:libmwmathutil.dll
 0002:00001414       __IMPORT_DESCRIPTOR_MSVCR100 0000000180017414     MSVCRT:MSVCR100.dll
 0002:00001428       __IMPORT_DESCRIPTOR_KERNEL32 0000000180017428     kernel32:KERNEL32.dll
 0002:0000143c       __NULL_IMPORT_DESCRIPTOR   000000018001743c     sf_runtime:sf_runtime.dll
 0003:00004bf0       DYNAMIC_DIMENSION          000000018001dbf0     Chua_LQr_sfun_registry.obj
 0003:000057f8       __security_cookie          000000018001e7f8     MSVCRT:gs_cookie.obj
 0003:00005800       __security_cookie_complement 000000018001e800     MSVCRT:gs_cookie.obj
 0003:00005808       _fltused                   000000018001e808     MSVCRT:dllsupp.obj
 0003:00005810       __native_dllmain_reason    000000018001e810     MSVCRT:natstart.obj
 0003:00005814       __native_vcclrit_reason    000000018001e814     MSVCRT:natstart.obj
 0003:00005918       sfGlobalDebugInstanceStruct 000000018001e918     Chua_LQr_sfun_registry.obj
 0003:00005ea0       ?__type_info_root_node@@3U__type_info_node@@A 000000018001eea0     MSVCRT:tncleanup.obj
 0003:00005eb0       _Chua_LQrMachineNumber_    000000018001eeb0     <common>
 0003:00005eb4       __native_startup_state     000000018001eeb4     <common>
 0003:00005eb8       __native_startup_lock      000000018001eeb8     <common>
 0003:00005ec0       __onexitend                000000018001eec0     <common>
 0003:00005ec8       __onexitbegin              000000018001eec8     <common>
 0003:00005ed0       __dyn_tls_init_callback    000000018001eed0     <common>

 entry point at        0001:00014a30

 Static symbols

 0001:00000f20       c2_info_helper             0000000180001f20 f   c2_Chua_LQr.obj
 0001:00003fd0       c2_emlrt_marshallOut       0000000180004fd0 f   c2_Chua_LQr.obj
 0001:00004060       c2_b_emlrt_marshallOut     0000000180005060 f   c2_Chua_LQr.obj
 0001:00004820       mdlProcessParameters_c2_Chua_LQr 0000000180005820 f   c2_Chua_LQr.obj
 0001:00004900       initialize_params_c2_Chua_LQr 0000000180005900 f   c2_Chua_LQr.obj
 0001:00004910       mdlSetWorkWidths_c2_Chua_LQr 0000000180005910 f   c2_Chua_LQr.obj
 0001:00004de0       sf_get_instance_specialization 0000000180005de0 f   c2_Chua_LQr.obj
 0001:00004df0       mdlStart_c2_Chua_LQr       0000000180005df0 f   c2_Chua_LQr.obj
 0001:00005070       init_dsm_address_info      0000000180006070 f   c2_Chua_LQr.obj
 0001:00005080       init_simulink_io_address   0000000180006080 f   c2_Chua_LQr.obj
 0001:000050d0       sf_get_sim_state_info_c2_Chua_LQr 00000001800060d0 f   c2_Chua_LQr.obj
 0001:00005190       chart_debug_initialization 0000000180006190 f   c2_Chua_LQr.obj
 0001:000058c0       init_script_number_translation 00000001800068c0 f   c2_Chua_LQr.obj
 0001:000058e0       c2_sf_marshallOut          00000001800068e0 f   c2_Chua_LQr.obj
 0001:00005a30       c2_sf_marshallIn           0000000180006a30 f   c2_Chua_LQr.obj
 0001:00005b30       c2_b_emlrt_marshallIn      0000000180006b30 f   c2_Chua_LQr.obj
 0001:00005c20       sf_opaque_initialize_c2_Chua_LQr 0000000180006c20 f   c2_Chua_LQr.obj
 0001:00005c60       initialize_c2_Chua_LQr     0000000180006c60 f   c2_Chua_LQr.obj
 0001:00005cb0       sf_opaque_enable_c2_Chua_LQr 0000000180006cb0 f   c2_Chua_LQr.obj
 0001:00005cd0       enable_c2_Chua_LQr         0000000180006cd0 f   c2_Chua_LQr.obj
 0001:00005d00       sf_opaque_disable_c2_Chua_LQr 0000000180006d00 f   c2_Chua_LQr.obj
 0001:00005d20       disable_c2_Chua_LQr        0000000180006d20 f   c2_Chua_LQr.obj
 0001:00005d50       sf_opaque_gateway_c2_Chua_LQr 0000000180006d50 f   c2_Chua_LQr.obj
 0001:00005d70       sf_gateway_c2_Chua_LQr     0000000180006d70 f   c2_Chua_LQr.obj
 0001:000068e0       c2_b_sf_marshallOut        00000001800078e0 f   c2_Chua_LQr.obj
 0001:00006990       c2_b_sf_marshallIn         0000000180007990 f   c2_Chua_LQr.obj
 0001:00006a30       c2_c_emlrt_marshallIn      0000000180007a30 f   c2_Chua_LQr.obj
 0001:00006ac0       c2_eml_scalar_eg           0000000180007ac0 f   c2_Chua_LQr.obj
 0001:00006ad0       sf_opaque_get_sim_state_c2_Chua_LQr 0000000180007ad0 f   c2_Chua_LQr.obj
 0001:00006b20       get_sim_state_c2_Chua_LQr  0000000180007b20 f   c2_Chua_LQr.obj
 0001:00006d00       sf_opaque_set_sim_state_c2_Chua_LQr 0000000180007d00 f   c2_Chua_LQr.obj
 0001:00006d50       set_sim_state_c2_Chua_LQr  0000000180007d50 f   c2_Chua_LQr.obj
 0001:00006e60       c2_update_debugger_state_c2_Chua_LQr 0000000180007e60 f   c2_Chua_LQr.obj
 0001:00006e70       c2_emlrt_marshallIn        0000000180007e70 f   c2_Chua_LQr.obj
 0001:00006ee0       c2_e_emlrt_marshallIn      0000000180007ee0 f   c2_Chua_LQr.obj
 0001:00006f40       c2_f_emlrt_marshallIn      0000000180007f40 f   c2_Chua_LQr.obj
 0001:00006fd0       sf_opaque_terminate_c2_Chua_LQr 0000000180007fd0 f   c2_Chua_LQr.obj
 0001:00007070       finalize_c2_Chua_LQr       0000000180008070 f   c2_Chua_LQr.obj
 0001:00007080       sf_opaque_init_subchart_simstructs 0000000180008080 f   c2_Chua_LQr.obj
 0001:000070a0       initSimStructsc2_Chua_LQr  00000001800080a0 f   c2_Chua_LQr.obj
 0001:000070b0       mdlRTW_c2_Chua_LQr         00000001800080b0 f   c2_Chua_LQr.obj
 0001:00007160       c3_info_helper             0000000180008160 f   c3_Chua_LQr.obj
 0001:0000a210       c3_emlrt_marshallOut       000000018000b210 f   c3_Chua_LQr.obj
 0001:0000a2a0       c3_b_emlrt_marshallOut     000000018000b2a0 f   c3_Chua_LQr.obj
 0001:0000abb0       mdlProcessParameters_c3_Chua_LQr 000000018000bbb0 f   c3_Chua_LQr.obj
 0001:0000ac90       initialize_params_c3_Chua_LQr 000000018000bc90 f   c3_Chua_LQr.obj
 0001:0000aca0       mdlSetWorkWidths_c3_Chua_LQr 000000018000bca0 f   c3_Chua_LQr.obj
 0001:0000b1a0       sf_get_instance_specialization 000000018000c1a0 f   c3_Chua_LQr.obj
 0001:0000b1b0       mdlStart_c3_Chua_LQr       000000018000c1b0 f   c3_Chua_LQr.obj
 0001:0000b430       init_dsm_address_info      000000018000c430 f   c3_Chua_LQr.obj
 0001:0000b440       init_simulink_io_address   000000018000c440 f   c3_Chua_LQr.obj
 0001:0000b4b0       sf_get_sim_state_info_c3_Chua_LQr 000000018000c4b0 f   c3_Chua_LQr.obj
 0001:0000b570       chart_debug_initialization 000000018000c570 f   c3_Chua_LQr.obj
 0001:0000be00       init_script_number_translation 000000018000ce00 f   c3_Chua_LQr.obj
 0001:0000be20       c3_sf_marshallOut          000000018000ce20 f   c3_Chua_LQr.obj
 0001:0000bf80       c3_sf_marshallIn           000000018000cf80 f   c3_Chua_LQr.obj
 0001:0000c080       c3_b_emlrt_marshallIn      000000018000d080 f   c3_Chua_LQr.obj
 0001:0000c170       sf_opaque_initialize_c3_Chua_LQr 000000018000d170 f   c3_Chua_LQr.obj
 0001:0000c1b0       initialize_c3_Chua_LQr     000000018000d1b0 f   c3_Chua_LQr.obj
 0001:0000c200       sf_opaque_enable_c3_Chua_LQr 000000018000d200 f   c3_Chua_LQr.obj
 0001:0000c220       enable_c3_Chua_LQr         000000018000d220 f   c3_Chua_LQr.obj
 0001:0000c250       sf_opaque_disable_c3_Chua_LQr 000000018000d250 f   c3_Chua_LQr.obj
 0001:0000c270       disable_c3_Chua_LQr        000000018000d270 f   c3_Chua_LQr.obj
 0001:0000c2a0       sf_opaque_gateway_c3_Chua_LQr 000000018000d2a0 f   c3_Chua_LQr.obj
 0001:0000c2c0       sf_gateway_c3_Chua_LQr     000000018000d2c0 f   c3_Chua_LQr.obj
 0001:0000d140       c3_b_sf_marshallOut        000000018000e140 f   c3_Chua_LQr.obj
 0001:0000d1f0       c3_b_sf_marshallIn         000000018000e1f0 f   c3_Chua_LQr.obj
 0001:0000d290       c3_c_emlrt_marshallIn      000000018000e290 f   c3_Chua_LQr.obj
 0001:0000d320       c3_eml_scalar_eg           000000018000e320 f   c3_Chua_LQr.obj
 0001:0000d330       sf_opaque_get_sim_state_c3_Chua_LQr 000000018000e330 f   c3_Chua_LQr.obj
 0001:0000d380       get_sim_state_c3_Chua_LQr  000000018000e380 f   c3_Chua_LQr.obj
 0001:0000d560       sf_opaque_set_sim_state_c3_Chua_LQr 000000018000e560 f   c3_Chua_LQr.obj
 0001:0000d5b0       set_sim_state_c3_Chua_LQr  000000018000e5b0 f   c3_Chua_LQr.obj
 0001:0000d6c0       c3_update_debugger_state_c3_Chua_LQr 000000018000e6c0 f   c3_Chua_LQr.obj
 0001:0000d6d0       c3_emlrt_marshallIn        000000018000e6d0 f   c3_Chua_LQr.obj
 0001:0000d740       c3_e_emlrt_marshallIn      000000018000e740 f   c3_Chua_LQr.obj
 0001:0000d7a0       c3_f_emlrt_marshallIn      000000018000e7a0 f   c3_Chua_LQr.obj
 0001:0000d830       sf_opaque_terminate_c3_Chua_LQr 000000018000e830 f   c3_Chua_LQr.obj
 0001:0000d8d0       finalize_c3_Chua_LQr       000000018000e8d0 f   c3_Chua_LQr.obj
 0001:0000d8e0       sf_opaque_init_subchart_simstructs 000000018000e8e0 f   c3_Chua_LQr.obj
 0001:0000d900       initSimStructsc3_Chua_LQr  000000018000e900 f   c3_Chua_LQr.obj
 0001:0000d910       mdlRTW_c3_Chua_LQr         000000018000e910 f   c3_Chua_LQr.obj
 0001:0000e6c0       getChartInfoFromSimStruct  000000018000f6c0 f   Chua_LQr_sfun_registry.obj
 0001:0000fd60       _ssFatalError              0000000180010d60 f   Chua_LQr_sfun_registry.obj
 0001:00012e10       ProcessMexSfunctionCmdLineCall 0000000180013e10 f   Chua_LQr_sfun_registry.obj
 0001:00012fb0       sf_debug_api_wrapper       0000000180013fb0 f   Chua_LQr_sfun_registry.obj
 0001:00013000       mdlStart                   0000000180014000 f   Chua_LQr_sfun_registry.obj
 0001:00013030       mdl_start_processing       0000000180014030 f   Chua_LQr_sfun_registry.obj
 0001:000130f0       mdlTerminate               00000001800140f0 f   Chua_LQr_sfun_registry.obj
 0001:00013120       mdl_terminate_processing   0000000180014120 f   Chua_LQr_sfun_registry.obj
 0001:000131a0       mdlInitializeSampleTimes   00000001800141a0 f   Chua_LQr_sfun_registry.obj
 0001:000131d0       mdlZeroCrossings           00000001800141d0 f   Chua_LQr_sfun_registry.obj
 0001:00013200       mdl_zeroCrossings_processing 0000000180014200 f   Chua_LQr_sfun_registry.obj
 0001:00013240       mdlDerivatives             0000000180014240 f   Chua_LQr_sfun_registry.obj
 0001:00013270       mdl_derivatives_processing 0000000180014270 f   Chua_LQr_sfun_registry.obj
 0001:000132c0       mdlInitializeConditions    00000001800142c0 f   Chua_LQr_sfun_registry.obj
 0001:000132f0       mdl_initialize_conditions_processing 00000001800142f0 f   Chua_LQr_sfun_registry.obj
 0001:00013340       mdlEnable                  0000000180014340 f   Chua_LQr_sfun_registry.obj
 0001:00013370       mdl_enable_processing      0000000180014370 f   Chua_LQr_sfun_registry.obj
 0001:000133b0       mdlDisable                 00000001800143b0 f   Chua_LQr_sfun_registry.obj
 0001:000133e0       mdl_disable_processing     00000001800143e0 f   Chua_LQr_sfun_registry.obj
 0001:00013420       mdlOutputs                 0000000180014420 f   Chua_LQr_sfun_registry.obj
 0001:00013450       mdl_outputs_processing     0000000180014450 f   Chua_LQr_sfun_registry.obj
 0001:00013530       mdl_outputs_continuous_legacy 0000000180014530 f   Chua_LQr_sfun_registry.obj
 0001:00013620       mdlGetTimeOfNextVarHit     0000000180014620 f   Chua_LQr_sfun_registry.obj
 0001:00013670       _ProcessMexSfunctionCmdLineCall 0000000180014670 f   Chua_LQr_sfun_registry.obj
 0001:00013dc0       mdlSetWorkWidths           0000000180014dc0 f   Chua_LQr_sfun_registry.obj
 0001:00013df0       mdlProcessParameters       0000000180014df0 f   Chua_LQr_sfun_registry.obj
 0001:00013e20       mdlInitializeSizes         0000000180014e20 f   Chua_LQr_sfun_registry.obj
 0001:00013e50       mdlExtModeExec             0000000180014e50 f   Chua_LQr_sfun_registry.obj
 0001:00013e80       mdl_ext_mode_exec_processing 0000000180014e80 f   Chua_LQr_sfun_registry.obj
 0001:00013ec0       mdlRTW                     0000000180014ec0 f   Chua_LQr_sfun_registry.obj
 0001:00013f00       _CreateSimStruct           0000000180014f00 f   Chua_LQr_sfun_registry.obj
 0001:00014090       _RegNumInputPortsCB        0000000180015090 f   Chua_LQr_sfun_registry.obj
 0001:00014110       _RegNumOutputPortsCB       0000000180015110 f   Chua_LQr_sfun_registry.obj
 0001:00014638       pre_c_init                 0000000180015638 f   MSVCRT:crtdll.obj
 0001:000148f4       __DllMainCRTStartup        00000001800158f4 f   MSVCRT:crtdll.obj
 0001:00014f60       __DllMainCRTStartup$filt$0 0000000180015f60 f   MSVCRT:crtdll.obj
 0001:00014f90       __DllMainCRTStartup$fin$1  0000000180015f90 f   MSVCRT:crtdll.obj
 0001:00014faa       _onexit$fin$0              0000000180015faa f   MSVCRT:atonexit.obj
 0001:00014fd0       _IsNonwritableInCurrentImage$filt$0 0000000180015fd0 f   MSVCRT:pesect.obj
