 magLev_sim_sfun

 Timestamp is 58eca5f9 (Tue Apr 11 11:46:33 2017)

 Preferred load address is 0000000180000000

 Start         Length     Name                   Class
 0001:00000000 0000f282H .text$mn                CODE
 0001:0000f290 0000007bH .text$x                 CODE
 0002:00000000 00000458H .idata$5                DATA
 0002:00000458 00000008H .CRT$XCA                DATA
 0002:00000460 00000008H .CRT$XCZ                DATA
 0002:00000468 00000008H .CRT$XIA                DATA
 0002:00000470 00000008H .CRT$XIAA               DATA
 0002:00000478 00000008H .CRT$XIC                DATA
 0002:00000480 00000008H .CRT$XIZ                DATA
 0002:00000490 000007f0H .rdata                  DATA
 0002:00000c80 00000008H .rtc$IAA                DATA
 0002:00000c88 00000008H .rtc$IZZ                DATA
 0002:00000c90 00000008H .rtc$TAA                DATA
 0002:00000c98 00000008H .rtc$TZZ                DATA
 0002:00000ca0 000007ecH .xdata                  DATA
 0002:00001490 00000055H .edata                  DATA
 0002:000014e8 00000078H .idata$2                DATA
 0002:00001560 00000014H .idata$3                DATA
 0002:00001578 00000458H .idata$4                DATA
 0002:000019d0 00000c88H .idata$6                DATA
 0003:00000000 00001ad8H .data                   DATA
 0003:00001ae0 000006b8H .bss                    DATA
 0004:00000000 00000930H .pdata                  DATA

  Address         Publics by Value              Rva+Base               Lib:Object

 0000:00000000       __guard_fids_table         0000000000000000     <absolute>
 0000:00000000       __guard_fids_count         0000000000000000     <absolute>
 0000:00000000       __guard_flags              0000000000000000     <absolute>
 0000:00000000       ___safe_se_handler_count   0000000000000000     <absolute>
 0000:00000000       ___safe_se_handler_table   0000000000000000     <absolute>
 0000:00000000       __ImageBase                0000000180000000     <linker-defined>
 0001:00000000       magLev_sim_initializer     0000000180001000 f   magLev_sim_sfun.obj
 0001:00000010       magLev_sim_terminator      0000000180001010 f   magLev_sim_sfun.obj
 0001:00000020       load_magLev_sim_optimization_info 0000000180001020 f   magLev_sim_sfun.obj
 0001:000000d0       unload_magLev_sim_optimization_info 00000001800010d0 f   magLev_sim_sfun.obj
 0001:00000100       sf_magLev_sim_method_dispatcher 0000000180001100 f   magLev_sim_sfun.obj
 0001:00000150       sf_magLev_sim_process_check_sum_call 0000000180001150 f   magLev_sim_sfun.obj
 0001:00000640       sf_magLev_sim_autoinheritance_info 0000000180001640 f   magLev_sim_sfun.obj
 0001:00000820       sf_magLev_sim_get_eml_resolved_functions_info 0000000180001820 f   magLev_sim_sfun.obj
 0001:000009a0       sf_magLev_sim_third_party_uses_info 00000001800019a0 f   magLev_sim_sfun.obj
 0001:00000b70       sf_magLev_sim_jit_fallback_info 0000000180001b70 f   magLev_sim_sfun.obj
 0001:00000d40       sf_magLev_sim_updateBuildInfo_args_info 0000000180001d40 f   magLev_sim_sfun.obj
 0001:00000f10       magLev_sim_debug_initialize 0000000180001f10 f   magLev_sim_sfun.obj
 0001:00000f90       magLev_sim_register_exported_symbols 0000000180001f90 f   magLev_sim_sfun.obj
 0001:00000fa0       sf_c1_magLev_sim_get_eml_resolved_functions_info 0000000180001fa0 f   c1_magLev_sim.obj
 0001:00001020       sf_c1_magLev_sim_get_check_sum 0000000180002020 f   c1_magLev_sim.obj
 0001:000010f0       c1_magLev_sim_method_dispatcher 00000001800020f0 f   c1_magLev_sim.obj
 0001:00004f20       sf_c1_magLev_sim_get_post_codegen_info 0000000180005f20 f   c1_magLev_sim.obj
 0001:00004ff0       sf_c1_magLev_sim_get_autoinheritance_info 0000000180005ff0 f   c1_magLev_sim.obj
 0001:00005b00       sf_c1_magLev_sim_third_party_uses_info 0000000180006b00 f   c1_magLev_sim.obj
 0001:00005b30       sf_c1_magLev_sim_jit_fallback_info 0000000180006b30 f   c1_magLev_sim.obj
 0001:00005cc0       sf_c1_magLev_sim_updateBuildInfo_args_info 0000000180006cc0 f   c1_magLev_sim.obj
 0001:000069a0       mexFunction                00000001800079a0 f   magLev_sim_sfun_registry.obj
 0001:00007d70       _ssSetInputPortDirectFeedThroughFcn 0000000180008d70 f   magLev_sim_sfun_registry.obj
 0001:00007f20       _ssGetInputPortSignalPtrsFcn 0000000180008f20 f   magLev_sim_sfun_registry.obj
 0001:00008370       _ssGetInputPortSignalFcn   0000000180009370 f   magLev_sim_sfun_registry.obj
 0001:000087c0       _ssSetInputPortReusableFcn 00000001800097c0 f   magLev_sim_sfun_registry.obj
 0001:000088a0       _ssSetOutputPortReusableFcn 00000001800098a0 f   magLev_sim_sfun_registry.obj
 0001:00008980       _ssSetSymbolicDimsSupport  0000000180009980 f   magLev_sim_sfun_registry.obj
 0001:000089f0       _ssRegisterSymbolicDimsExpr 00000001800099f0 f   magLev_sim_sfun_registry.obj
 0001:00008a70       _ssRegisterSymbolicDims    0000000180009a70 f   magLev_sim_sfun_registry.obj
 0001:00008b10       _ssRegisterSymbolicDimsString 0000000180009b10 f   magLev_sim_sfun_registry.obj
 0001:00008b90       _ssRegisterSymbolicDimsIntValue 0000000180009b90 f   magLev_sim_sfun_registry.obj
 0001:00008c00       _ssRegisterSymbolicDimsPlus 0000000180009c00 f   magLev_sim_sfun_registry.obj
 0001:00008c80       _ssRegisterSymbolicDimsMinus 0000000180009c80 f   magLev_sim_sfun_registry.obj
 0001:00008d00       _ssRegisterSymbolicDimsMultiply 0000000180009d00 f   magLev_sim_sfun_registry.obj
 0001:00008d80       _ssRegisterSymbolicDimsDivide 0000000180009d80 f   magLev_sim_sfun_registry.obj
 0001:00008e00       _ssGetNumSymbolicDims      0000000180009e00 f   magLev_sim_sfun_registry.obj
 0001:00008e70       _ssGetSymbolicDim          0000000180009e70 f   magLev_sim_sfun_registry.obj
 0001:00008ef0       _ssSetInputPortSymbolicDimsId 0000000180009ef0 f   magLev_sim_sfun_registry.obj
 0001:00008f60       _ssGetCompInputPortSymbolicDimsId 0000000180009f60 f   magLev_sim_sfun_registry.obj
 0001:00008fd0       _ssSetCompInputPortSymbolicDimsId 0000000180009fd0 f   magLev_sim_sfun_registry.obj
 0001:00009040       _ssSetOutputPortSymbolicDimsId 000000018000a040 f   magLev_sim_sfun_registry.obj
 0001:000090b0       _ssGetCompOutputPortSymbolicDimsId 000000018000a0b0 f   magLev_sim_sfun_registry.obj
 0001:00009120       _ssSetCompOutputPortSymbolicDimsId 000000018000a120 f   magLev_sim_sfun_registry.obj
 0001:00009190       _ssSetCompDWorkSymbolicDimsId 000000018000a190 f   magLev_sim_sfun_registry.obj
 0001:00009200       ssGetIsZeroCrossControlDisabled 000000018000a200 f   magLev_sim_sfun_registry.obj
 0001:00009270       ssSetIsInputPortUsedForContZcSignal 000000018000a270 f   magLev_sim_sfun_registry.obj
 0001:000092e0       ssSetZcSignalIsZcElementDisc 000000018000a2e0 f   magLev_sim_sfun_registry.obj
 0001:00009390       ssSetZcSignalName          000000018000a390 f   magLev_sim_sfun_registry.obj
 0001:00009400       ssSetZcSignalWidth         000000018000a400 f   magLev_sim_sfun_registry.obj
 0001:00009470       ssSetZcSignalZcEventType   000000018000a470 f   magLev_sim_sfun_registry.obj
 0001:000094e0       ssSetZcSignalType          000000018000a4e0 f   magLev_sim_sfun_registry.obj
 0001:00009550       ssSetZcSignalZcTol         000000018000a550 f   magLev_sim_sfun_registry.obj
 0001:000095c0       ssSetZcSignalNeedsEventNotification 000000018000a5c0 f   magLev_sim_sfun_registry.obj
 0001:00009630       ssCreateAndAddZcSignalInfo 000000018000a630 f   magLev_sim_sfun_registry.obj
 0001:000096a0       ssCloneAndAddZcSignalInfo  000000018000a6a0 f   magLev_sim_sfun_registry.obj
 0001:00009710       ssGetNumZcSignals          000000018000a710 f   magLev_sim_sfun_registry.obj
 0001:00009780       ssGetZcSignalVector        000000018000a780 f   magLev_sim_sfun_registry.obj
 0001:000097f0       ssGetZcSignalName          000000018000a7f0 f   magLev_sim_sfun_registry.obj
 0001:00009860       ssGetZcSignalWidth         000000018000a860 f   magLev_sim_sfun_registry.obj
 0001:000098d0       ssGetZcSignalZcEventType   000000018000a8d0 f   magLev_sim_sfun_registry.obj
 0001:00009940       ssGetZcSignalZcEvents      000000018000a940 f   magLev_sim_sfun_registry.obj
 0001:000099b0       ssGetZcSignalType          000000018000a9b0 f   magLev_sim_sfun_registry.obj
 0001:00009a20       ssGetZcSignalZcTol         000000018000aa20 f   magLev_sim_sfun_registry.obj
 0001:00009aa0       ssGetZcSignalNeedsEventNotification 000000018000aaa0 f   magLev_sim_sfun_registry.obj
 0001:00009b10       ssGetZcSignalIsZcElementDisc 000000018000ab10 f   magLev_sim_sfun_registry.obj
 0001:00009bb0       ssGetIsInputPortElementContinuous 000000018000abb0 f   magLev_sim_sfun_registry.obj
 0001:00009c50       ssGetDTypeIdFromMxArray    000000018000ac50 f   magLev_sim_sfun_registry.obj
 0001:00009d70       ssWriteRTWStr              000000018000ad70 f   magLev_sim_sfun_registry.obj
 0001:00009dd0       ssWriteRTWNameValuePair    000000018000add0 f   magLev_sim_sfun_registry.obj
 0001:0000a2d0       ssWriteRTWParamSettings    000000018000b2d0 f   magLev_sim_sfun_registry.obj
 0001:0000a9c0       ssWriteRTWParameters       000000018000b9c0 f   magLev_sim_sfun_registry.obj
 0001:0000af90       ssWriteRTWWorkVect         000000018000bf90 f   magLev_sim_sfun_registry.obj
 0001:0000b480       ssWriteRTWMxVectParam      000000018000c480 f   magLev_sim_sfun_registry.obj
 0001:0000b500       ssWriteRTWMx2dMatParam     000000018000c500 f   magLev_sim_sfun_registry.obj
 0001:0000b590       _ssSetInputPortMatrixDimensions 000000018000c590 f   magLev_sim_sfun_registry.obj
 0001:0000b6b0       _ssSetOutputPortMatrixDimensions 000000018000c6b0 f   magLev_sim_sfun_registry.obj
 0001:0000b7d0       _ssSetInputPortVectorDimension 000000018000c7d0 f   magLev_sim_sfun_registry.obj
 0001:0000b880       _ssSetOutputPortVectorDimension 000000018000c880 f   magLev_sim_sfun_registry.obj
 0001:0000b930       ssIsRunTimeParamTunable    000000018000c930 f   magLev_sim_sfun_registry.obj
 0001:0000b9a0       ssGetSFuncBlockHandle      000000018000c9a0 f   magLev_sim_sfun_registry.obj
 0001:0000ba10       _ssGetCurrentInputPortWidth 000000018000ca10 f   magLev_sim_sfun_registry.obj
 0001:0000bb30       _ssGetCurrentOutputPortWidth 000000018000cb30 f   magLev_sim_sfun_registry.obj
 0001:0000bc50       _ssGetCallSystemNumFcnCallDestinations 000000018000cc50 f   magLev_sim_sfun_registry.obj
 0001:0000bcc0       ssGetParameterTuningCompliance 000000018000ccc0 f   magLev_sim_sfun_registry.obj
 0001:0000bd30       ssWarning                  000000018000cd30 f   magLev_sim_sfun_registry.obj
 0001:0000be20       _ssGetAbsTol               000000018000ce20 f   magLev_sim_sfun_registry.obj
 0001:0000be90       _ssSetStateAbsTol          000000018000ce90 f   magLev_sim_sfun_registry.obj
 0001:0000bf70       sf_process_check_sum_call  000000018000cf70 f   magLev_sim_sfun_registry.obj
 0001:0000bfc0       sf_process_autoinheritance_call 000000018000cfc0 f   magLev_sim_sfun_registry.obj
 0001:0000c1f0       sf_process_get_third_party_uses_info_call 000000018000d1f0 f   magLev_sim_sfun_registry.obj
 0001:0000c420       sf_process_get_jit_fallback_info_call 000000018000d420 f   magLev_sim_sfun_registry.obj
 0001:0000c650       sf_process_get_updateBuildInfo_args_info_call 000000018000d650 f   magLev_sim_sfun_registry.obj
 0001:0000c880       sf_process_get_eml_resolved_functions_info_call 000000018000d880 f   magLev_sim_sfun_registry.obj
 0001:0000ca80       sf_mex_unlock_call         000000018000da80 f   magLev_sim_sfun_registry.obj
 0001:0000cd20       sf_machine_global_initializer_called 000000018000dd20 f   magLev_sim_sfun_registry.obj
 0001:0000cd50       sf_machine_global_method_dispatcher 000000018000dd50 f   magLev_sim_sfun_registry.obj
 0001:0000cdb0       sf_machine_global_terminator 000000018000ddb0 f   magLev_sim_sfun_registry.obj
 0001:0000ce00       sf_register_machine_exported_symbols 000000018000de00 f   magLev_sim_sfun_registry.obj
 0001:0000ce20       callCustomFcn              000000018000de20 f   magLev_sim_sfun_registry.obj
 0001:0000ce30       sf_machine_global_initializer 000000018000de30 f   magLev_sim_sfun_registry.obj
 0001:0000ceb0       mdlGetSimState             000000018000deb0 f   magLev_sim_sfun_registry.obj
 0001:0000cef0       mdlSetSimState             000000018000def0 f   magLev_sim_sfun_registry.obj
 0001:0000d760       ProcessMexSfunctionEveryCall 000000018000e760 f   magLev_sim_sfun_registry.obj
 0001:0000e466       sf_load_rtw_optimization_info 000000018000f466 f   sf_runtime:sf_runtime.dll
 0001:0000e46c       sf_debug_initialize_machine 000000018000f46c f   sf_runtime:sf_runtime.dll
 0001:0000e472       sf_debug_set_machine_event_thresholds 000000018000f472 f   sf_runtime:sf_runtime.dll
 0001:0000e478       sf_debug_set_machine_data_thresholds 000000018000f478 f   sf_runtime:sf_runtime.dll
 0001:0000e47e       sf_init_ChartRunTimeInfo   000000018000f47e f   sf_runtime:sf_runtime.dll
 0001:0000e484       sf_free_ChartRunTimeInfo   000000018000f484 f   sf_runtime:sf_runtime.dll
 0001:0000e48a       sf_get_chart_instance_ptr  000000018000f48a f   sf_runtime:sf_runtime.dll
 0001:0000e490       sf_rtw_info_uint_prop      000000018000f490 f   sf_runtime:sf_runtime.dll
 0001:0000e496       sf_update_buildInfo        000000018000f496 f   sf_runtime:sf_runtime.dll
 0001:0000e49c       sf_is_chart_inlinable      000000018000f49c f   sf_runtime:sf_runtime.dll
 0001:0000e4a2       sf_mark_chart_reusable_outputs 000000018000f4a2 f   sf_runtime:sf_runtime.dll
 0001:0000e4a8       sf_mark_chart_expressionable_inputs 000000018000f4a8 f   sf_runtime:sf_runtime.dll
 0001:0000e4ae       sim_mode_is_rtw_gen        000000018000f4ae f   sf_runtime:sf_runtime.dll
 0001:0000e4b4       sim_mode_is_external       000000018000f4b4 f   sf_runtime:sf_runtime.dll
 0001:0000e4ba       sim_mode_is_modelref_sim   000000018000f4ba f   sf_runtime:sf_runtime.dll
 0001:0000e4c0       sf_clear_rtw_identifier    000000018000f4c0 f   sf_runtime:sf_runtime.dll
 0001:0000e4c6       sf_set_rtw_dwork_info      000000018000f4c6 f   sf_runtime:sf_runtime.dll
 0001:0000e4cc       sf_get_time                000000018000f4cc f   sf_runtime:sf_runtime.dll
 0001:0000e4d2       sf_is_first_init_cond      000000018000f4d2 f   sf_runtime:sf_runtime.dll
 0001:0000e4d8       sf_set_chart_accesses_machine_info 000000018000f4d8 f   sf_runtime:sf_runtime.dll
 0001:0000e4de       sf_register_codegen_names_for_scoped_functions_defined_by_chart 000000018000f4de f   sf_runtime:sf_runtime.dll
 0001:0000e4e4       sf_mex_error_message       000000018000f4e4 f   sf_runtime:sf_runtime.dll
 0001:0000e4ea       sf_mex_addfield            000000018000f4ea f   sf_runtime:sf_runtime.dll
 0001:0000e4f0       sf_mex_createstruct        000000018000f4f0 f   sf_runtime:sf_runtime.dll
 0001:0000e4f6       sf_mex_create              000000018000f4f6 f   sf_runtime:sf_runtime.dll
 0001:0000e4fc       sf_mex_createcellmatrix    000000018000f4fc f   sf_runtime:sf_runtime.dll
 0001:0000e502       sf_mex_setcell             000000018000f502 f   sf_runtime:sf_runtime.dll
 0001:0000e508       sf_mex_getcell             000000018000f508 f   sf_runtime:sf_runtime.dll
 0001:0000e50e       sf_mex_assign              000000018000f50e f   sf_runtime:sf_runtime.dll
 0001:0000e514       sf_mex_dup                 000000018000f514 f   sf_runtime:sf_runtime.dll
 0001:0000e51a       sf_mex_destroy             000000018000f51a f   sf_runtime:sf_runtime.dll
 0001:0000e520       sf_mex_import              000000018000f520 f   sf_runtime:sf_runtime.dll
 0001:0000e526       sf_mex_decode_encoded_mx_struct_array 000000018000f526 f   sf_runtime:sf_runtime.dll
 0001:0000e52c       ssGetInputPortSignal_wrapper 000000018000f52c f   sf_runtime:sf_runtime.dll
 0001:0000e532       ssGetOutputPortSignal_wrapper 000000018000f532 f   sf_runtime:sf_runtime.dll
 0001:0000e538       sf_debug_initialize_chart  000000018000f538 f   sf_runtime:sf_runtime.dll
 0001:0000e53e       sf_debug_call              000000018000f53e f   sf_runtime:sf_runtime.dll
 0001:0000e544       eml_debug_line_call        000000018000f544 f   sf_runtime:sf_runtime.dll
 0001:0000e54a       cv_eml_eval                000000018000f54a f   sf_runtime:sf_runtime.dll
 0001:0000e550       cv_eml_init_script         000000018000f550 f   sf_runtime:sf_runtime.dll
 0001:0000e556       cv_eml_init_fcn            000000018000f556 f   sf_runtime:sf_runtime.dll
 0001:0000e55c       sf_debug_reset_current_state_configuration 000000018000f55c f   sf_runtime:sf_runtime.dll
 0001:0000e562       sf_debug_check_for_state_inconsistency 000000018000f562 f   sf_runtime:sf_runtime.dll
 0001:0000e568       sf_debug_set_chart_data_props 000000018000f568 f   sf_runtime:sf_runtime.dll
 0001:0000e56e       sf_debug_set_chart_data_compiled_props 000000018000f56e f   sf_runtime:sf_runtime.dll
 0001:0000e574       sf_debug_symbol_scope_push 000000018000f574 f   sf_runtime:sf_runtime.dll
 0001:0000e57a       sf_debug_symbol_scope_push_eml 000000018000f57a f   sf_runtime:sf_runtime.dll
 0001:0000e580       sf_debug_symbol_scope_pop  000000018000f580 f   sf_runtime:sf_runtime.dll
 0001:0000e586       sf_debug_symbol_scope_add_eml 000000018000f586 f   sf_runtime:sf_runtime.dll
 0001:0000e58c       sf_debug_symbol_scope_add_eml_importable 000000018000f58c f   sf_runtime:sf_runtime.dll
 0001:0000e592       sf_debug_set_instance_data_value_ptr 000000018000f592 f   sf_runtime:sf_runtime.dll
 0001:0000e598       sf_debug_set_chart_disable_implicit_casting 000000018000f598 f   sf_runtime:sf_runtime.dll
 0001:0000e59e       sf_debug_set_chart_event_thresholds 000000018000f59e f   sf_runtime:sf_runtime.dll
 0001:0000e5a4       sf_debug_set_chart_state_info 000000018000f5a4 f   sf_runtime:sf_runtime.dll
 0001:0000e5aa       sf_debug_set_chart_decomposition 000000018000f5aa f   sf_runtime:sf_runtime.dll
 0001:0000e5b0       sf_debug_set_chart_substate_count 000000018000f5b0 f   sf_runtime:sf_runtime.dll
 0001:0000e5b6       sf_debug_data_range_wrapper 000000018000f5b6 f   sf_runtime:sf_runtime.dll
 0001:0000e5bc       sf_debug_cv_init_trans     000000018000f5bc f   sf_runtime:sf_runtime.dll
 0001:0000e5c2       sf_debug_cv_init_chart     000000018000f5c2 f   sf_runtime:sf_runtime.dll
 0001:0000e5c8       sf_debug_cv_init_state     000000018000f5c8 f   sf_runtime:sf_runtime.dll
 0001:0000e5ce       sf_get_ChartInfoStruct_CodeGen 000000018000f5ce f   sf_runtime:sf_runtime.dll
 0001:0000e5d4       sf_get_isEnhancedMooreMachine 000000018000f5d4 f   sf_runtime:sf_runtime.dll
 0001:0000e5da       sf_set_compiledInfo        000000018000f5da f   sf_runtime:sf_runtime.dll
 0001:0000e5e0       callMdlMethodAndReportError 000000018000f5e0 f   sf_runtime:sf_runtime.dll
 0001:0000e5e6       call_sf_machine_global_method_dispatcher 000000018000f5e6 f   sf_runtime:sf_runtime.dll
 0001:0000e5ec       sf_mex_error_direct_call   000000018000f5ec f   sf_runtime:sf_runtime.dll
 0001:0000e5f2       sf_clear_error_manager_info 000000018000f5f2 f   sf_runtime:sf_runtime.dll
 0001:0000e5f8       sf_debug_create_debug_instance_struct 000000018000f5f8 f   sf_runtime:sf_runtime.dll
 0001:0000e5fe       sf_debug_terminate         000000018000f5fe f   sf_runtime:sf_runtime.dll
 0001:0000e604       sf_debug_api               000000018000f604 f   sf_runtime:sf_runtime.dll
 0001:0000e60a       mxIsChar                   000000018000f60a f   libmx:libmx.dll
 0001:0000e610       mxGetPr                    000000018000f610 f   libmx:libmx.dll
 0001:0000e616       mxGetScalar                000000018000f616 f   libmx:libmx.dll
 0001:0000e61c       mxDestroyArray             000000018000f61c f   libmx:libmx.dll
 0001:0000e622       mxCreateDoubleMatrix_730   000000018000f622 f   libmx:libmx.dll
 0001:0000e628       mxGetString_730            000000018000f628 f   libmx:libmx.dll
 0001:0000e62e       mxDuplicateArray           000000018000f62e f   libmx:libmx.dll
 0001:0000e634       mxSetField_730             000000018000f634 f   libmx:libmx.dll
 0001:0000e63a       mxCreateDoubleScalar       000000018000f63a f   libmx:libmx.dll
 0001:0000e640       mxCreateString             000000018000f640 f   libmx:libmx.dll
 0001:0000e646       mxCreateCellMatrix_730     000000018000f646 f   libmx:libmx.dll
 0001:0000e64c       mxCreateCellArray_730      000000018000f64c f   libmx:libmx.dll
 0001:0000e652       mxCreateStructMatrix_730   000000018000f652 f   libmx:libmx.dll
 0001:0000e658       mxCreateStructArray_730    000000018000f658 f   libmx:libmx.dll
 0001:0000e65e       mxCalloc                   000000018000f65e f   libmx:libmx.dll
 0001:0000e664       mxGetM                     000000018000f664 f   libmx:libmx.dll
 0001:0000e66a       mxGetClassID               000000018000f66a f   libmx:libmx.dll
 0001:0000e670       mxIsNumeric                000000018000f670 f   libmx:libmx.dll
 0001:0000e676       mxIsComplex                000000018000f676 f   libmx:libmx.dll
 0001:0000e67c       mxGetN                     000000018000f67c f   libmx:libmx.dll
 0001:0000e682       mexMakeArrayPersistent     000000018000f682 f   libmex:libmex.dll
 0001:0000e688       mexErrMsgTxt               000000018000f688 f   libmex:libmex.dll
 0001:0000e68e       mexWarnMsgTxt              000000018000f68e f   libmex:libmex.dll
 0001:0000e694       mexCallMATLABWithObject    000000018000f694 f   libmex:libmex.dll
 0001:0000e69a       mexLock                    000000018000f69a f   libmex:libmex.dll
 0001:0000e6a0       mexUnlock                  000000018000f6a0 f   libmex:libmex.dll
 0001:0000e6a6       mexIsLocked                000000018000f6a6 f   libmex:libmex.dll
 0001:0000e6ac       utMalloc                   000000018000f6ac f   libut:libut.dll
 0001:0000e6b2       utFree                     000000018000f6b2 f   libut:libut.dll
 0001:0000e6b8       __raise_securityfailure    000000018000f6b8 f   MSVCRT:gs_report.obj
 0001:0000e704       __report_gsfailure         000000018000f704 f   MSVCRT:gs_report.obj
 0001:0000e7d8       __report_rangecheckfailure 000000018000f7d8 f   MSVCRT:gs_report.obj
 0001:0000e7ec       __report_securityfailure   000000018000f7ec f   MSVCRT:gs_report.obj
 0001:0000e888       __report_securityfailureEx 000000018000f888 f   MSVCRT:gs_report.obj
 0001:0000e996       strcmp                     000000018000f996 f   MSVCRT:MSVCR120.dll
 0001:0000e99c       __GSHandlerCheck           000000018000f99c f   MSVCRT:gshandler.obj
 0001:0000e9bc       __GSHandlerCheckCommon     000000018000f9bc f   MSVCRT:gshandler.obj
 0001:0000ea30       __security_check_cookie    000000018000fa30 f   MSVCRT:amdsecgs.obj
 0001:0000ea50       memset                     000000018000fa50 f   MSVCRT:MSVCR120.dll
 0001:0000ea56       free                       000000018000fa56 f   MSVCRT:MSVCR120.dll
 0001:0000ea5c       malloc                     000000018000fa5c f   MSVCRT:MSVCR120.dll
 0001:0000ea62       sprintf                    000000018000fa62 f   MSVCRT:MSVCR120.dll
 0001:0000ea68       memcpy                     000000018000fa68 f   MSVCRT:MSVCR120.dll
 0001:0000ea6e       strcat                     000000018000fa6e f   MSVCRT:MSVCR120.dll
 0001:0000ea74       strlen                     000000018000fa74 f   MSVCRT:MSVCR120.dll
 0001:0000eadc       NtCurrentTeb               000000018000fadc f i MSVCRT:crtdll.obj
 0001:0000eae8       _CRT_INIT                  000000018000fae8 f   MSVCRT:crtdll.obj
 0001:0000ed34       _DllMainCRTStartup         000000018000fd34 f   MSVCRT:crtdll.obj
 0001:0000eeaa       __crt_debugger_hook        000000018000feaa f   MSVCRT:MSVCR120.dll
 0001:0000eeb0       __crtUnhandledException    000000018000feb0 f   MSVCRT:MSVCR120.dll
 0001:0000eeb6       __crtTerminateProcess      000000018000feb6 f   MSVCRT:MSVCR120.dll
 0001:0000eebc       __crtCaptureCurrentContext 000000018000febc f   MSVCRT:MSVCR120.dll
 0001:0000eec2       __crtCapturePreviousContext 000000018000fec2 f   MSVCRT:MSVCR120.dll
 0001:0000eec8       __CppXcptFilter            000000018000fec8 f   MSVCRT:MSVCR120.dll
 0001:0000eece       _amsg_exit                 000000018000fece f   MSVCRT:MSVCR120.dll
 0001:0000eee0       _FindPESection             000000018000fee0 f   MSVCRT:pesect.obj
 0001:0000ef30       _IsNonwritableInCurrentImage 000000018000ff30 f   MSVCRT:pesect.obj
 0001:0000ef80       _ValidateImageBase         000000018000ff80 f   MSVCRT:pesect.obj
 0001:0000efb0       __atonexitinit             000000018000ffb0 f   MSVCRT:atonexit.obj
 0001:0000f000       _onexit                    0000000180010000 f   MSVCRT:atonexit.obj
 0001:0000f0b0       atexit                     00000001800100b0 f   MSVCRT:atonexit.obj
 0001:0000f0c8       __security_init_cookie     00000001800100c8 f   MSVCRT:gs_support.obj
 0001:0000f174       DllMain                    0000000180010174 f   MSVCRT:dllmain.obj
 0001:0000f198       _malloc_crt                0000000180010198 f   MSVCRT:MSVCR120.dll
 0001:0000f1a0       _RTC_Initialize            00000001800101a0 f   MSVCRT:initsect.obj
 0001:0000f1d8       _RTC_Terminate             00000001800101d8 f   MSVCRT:initsect.obj
 0001:0000f210       _initterm                  0000000180010210 f   MSVCRT:MSVCR120.dll
 0001:0000f216       _initterm_e                0000000180010216 f   MSVCRT:MSVCR120.dll
 0001:0000f21c       __clean_type_info_names    000000018001021c f   MSVCRT:tncleanup.obj
 0001:0000f228       __C_specific_handler       0000000180010228 f   MSVCRT:MSVCR120.dll
 0001:0000f22e       _lock                      000000018001022e f   MSVCRT:MSVCR120.dll
 0001:0000f234       _unlock                    0000000180010234 f   MSVCRT:MSVCR120.dll
 0001:0000f23a       _calloc_crt                000000018001023a f   MSVCRT:MSVCR120.dll
 0001:0000f240       __dllonexit                0000000180010240 f   MSVCRT:MSVCR120.dll
 0001:0000f246       __clean_type_info_names_internal 0000000180010246 f   MSVCRT:MSVCR120.dll
 0001:0000f24c       IsDebuggerPresent          000000018001024c f   kernel32:KERNEL32.dll
 0001:0000f252       IsProcessorFeaturePresent  0000000180010252 f   kernel32:KERNEL32.dll
 0001:0000f258       EncodePointer              0000000180010258 f   kernel32:KERNEL32.dll
 0001:0000f25e       DecodePointer              000000018001025e f   kernel32:KERNEL32.dll
 0001:0000f264       QueryPerformanceCounter    0000000180010264 f   kernel32:KERNEL32.dll
 0001:0000f26a       GetCurrentProcessId        000000018001026a f   kernel32:KERNEL32.dll
 0001:0000f270       GetCurrentThreadId         0000000180010270 f   kernel32:KERNEL32.dll
 0001:0000f276       GetSystemTimeAsFileTime    0000000180010276 f   kernel32:KERNEL32.dll
 0001:0000f27c       DisableThreadLibraryCalls  000000018001027c f   kernel32:KERNEL32.dll
 0002:00000000       __imp_GetSystemTimeAsFileTime 0000000180011000     kernel32:KERNEL32.dll
 0002:00000008       __imp_GetCurrentThreadId   0000000180011008     kernel32:KERNEL32.dll
 0002:00000010       __imp_GetCurrentProcessId  0000000180011010     kernel32:KERNEL32.dll
 0002:00000018       __imp_QueryPerformanceCounter 0000000180011018     kernel32:KERNEL32.dll
 0002:00000020       __imp_DecodePointer        0000000180011020     kernel32:KERNEL32.dll
 0002:00000028       __imp_EncodePointer        0000000180011028     kernel32:KERNEL32.dll
 0002:00000030       __imp_IsProcessorFeaturePresent 0000000180011030     kernel32:KERNEL32.dll
 0002:00000038       __imp_IsDebuggerPresent    0000000180011038     kernel32:KERNEL32.dll
 0002:00000040       __imp_DisableThreadLibraryCalls 0000000180011040     kernel32:KERNEL32.dll
 0002:00000048       \177KERNEL32_NULL_THUNK_DATA 0000000180011048     kernel32:KERNEL32.dll
 0002:00000050       __imp___clean_type_info_names_internal 0000000180011050     MSVCRT:MSVCR120.dll
 0002:00000058       __imp__onexit              0000000180011058     MSVCRT:MSVCR120.dll
 0002:00000060       __imp___dllonexit          0000000180011060     MSVCRT:MSVCR120.dll
 0002:00000068       __imp__calloc_crt          0000000180011068     MSVCRT:MSVCR120.dll
 0002:00000070       __imp__unlock              0000000180011070     MSVCRT:MSVCR120.dll
 0002:00000078       __imp__lock                0000000180011078     MSVCRT:MSVCR120.dll
 0002:00000080       __imp___C_specific_handler 0000000180011080     MSVCRT:MSVCR120.dll
 0002:00000088       __imp__initterm_e          0000000180011088     MSVCRT:MSVCR120.dll
 0002:00000090       __imp__initterm            0000000180011090     MSVCRT:MSVCR120.dll
 0002:00000098       __imp__malloc_crt          0000000180011098     MSVCRT:MSVCR120.dll
 0002:000000a0       __imp__amsg_exit           00000001800110a0     MSVCRT:MSVCR120.dll
 0002:000000a8       __imp___CppXcptFilter      00000001800110a8     MSVCRT:MSVCR120.dll
 0002:000000b0       __imp___crtCapturePreviousContext 00000001800110b0     MSVCRT:MSVCR120.dll
 0002:000000b8       __imp___crtCaptureCurrentContext 00000001800110b8     MSVCRT:MSVCR120.dll
 0002:000000c0       __imp___crtTerminateProcess 00000001800110c0     MSVCRT:MSVCR120.dll
 0002:000000c8       __imp___crtUnhandledException 00000001800110c8     MSVCRT:MSVCR120.dll
 0002:000000d0       __imp___crt_debugger_hook  00000001800110d0     MSVCRT:MSVCR120.dll
 0002:000000d8       __imp_strlen               00000001800110d8     MSVCRT:MSVCR120.dll
 0002:000000e0       __imp_strcat               00000001800110e0     MSVCRT:MSVCR120.dll
 0002:000000e8       __imp_memcpy               00000001800110e8     MSVCRT:MSVCR120.dll
 0002:000000f0       __imp_sprintf              00000001800110f0     MSVCRT:MSVCR120.dll
 0002:000000f8       __imp_malloc               00000001800110f8     MSVCRT:MSVCR120.dll
 0002:00000100       __imp_free                 0000000180011100     MSVCRT:MSVCR120.dll
 0002:00000108       __imp_memset               0000000180011108     MSVCRT:MSVCR120.dll
 0002:00000110       __imp_strcmp               0000000180011110     MSVCRT:MSVCR120.dll
 0002:00000118       \177MSVCR120_NULL_THUNK_DATA 0000000180011118     MSVCRT:MSVCR120.dll
 0002:00000120       __imp_mexIsLocked          0000000180011120     libmex:libmex.dll
 0002:00000128       __imp_mexUnlock            0000000180011128     libmex:libmex.dll
 0002:00000130       __imp_mexLock              0000000180011130     libmex:libmex.dll
 0002:00000138       __imp_mexCallMATLABWithObject 0000000180011138     libmex:libmex.dll
 0002:00000140       __imp_mexWarnMsgTxt        0000000180011140     libmex:libmex.dll
 0002:00000148       __imp_mexErrMsgTxt         0000000180011148     libmex:libmex.dll
 0002:00000150       __imp_mexMakeArrayPersistent 0000000180011150     libmex:libmex.dll
 0002:00000158       \177libmex_NULL_THUNK_DATA 0000000180011158     libmex:libmex.dll
 0002:00000160       __imp_mxGetN               0000000180011160     libmx:libmx.dll
 0002:00000168       __imp_mxIsComplex          0000000180011168     libmx:libmx.dll
 0002:00000170       __imp_mxIsNumeric          0000000180011170     libmx:libmx.dll
 0002:00000178       __imp_mxGetClassID         0000000180011178     libmx:libmx.dll
 0002:00000180       __imp_mxGetM               0000000180011180     libmx:libmx.dll
 0002:00000188       __imp_mxCalloc             0000000180011188     libmx:libmx.dll
 0002:00000190       __imp_mxCreateStructArray_730 0000000180011190     libmx:libmx.dll
 0002:00000198       __imp_mxCreateStructMatrix_730 0000000180011198     libmx:libmx.dll
 0002:000001a0       __imp_mxCreateCellArray_730 00000001800111a0     libmx:libmx.dll
 0002:000001a8       __imp_mxCreateCellMatrix_730 00000001800111a8     libmx:libmx.dll
 0002:000001b0       __imp_mxCreateString       00000001800111b0     libmx:libmx.dll
 0002:000001b8       __imp_mxCreateDoubleScalar 00000001800111b8     libmx:libmx.dll
 0002:000001c0       __imp_mxSetField_730       00000001800111c0     libmx:libmx.dll
 0002:000001c8       __imp_mxDuplicateArray     00000001800111c8     libmx:libmx.dll
 0002:000001d0       __imp_mxGetString_730      00000001800111d0     libmx:libmx.dll
 0002:000001d8       __imp_mxCreateDoubleMatrix_730 00000001800111d8     libmx:libmx.dll
 0002:000001e0       __imp_mxGetScalar          00000001800111e0     libmx:libmx.dll
 0002:000001e8       __imp_mxGetPr              00000001800111e8     libmx:libmx.dll
 0002:000001f0       __imp_mxIsChar             00000001800111f0     libmx:libmx.dll
 0002:000001f8       __imp_mxDestroyArray       00000001800111f8     libmx:libmx.dll
 0002:00000200       \177libmx_NULL_THUNK_DATA  0000000180011200     libmx:libmx.dll
 0002:00000208       __imp_utMalloc             0000000180011208     libut:libut.dll
 0002:00000210       __imp_utFree               0000000180011210     libut:libut.dll
 0002:00000218       \177libut_NULL_THUNK_DATA  0000000180011218     libut:libut.dll
 0002:00000220       __imp_sf_debug_terminate   0000000180011220     sf_runtime:sf_runtime.dll
 0002:00000228       __imp_call_sf_machine_global_method_dispatcher 0000000180011228     sf_runtime:sf_runtime.dll
 0002:00000230       __imp_callMdlMethodAndReportError 0000000180011230     sf_runtime:sf_runtime.dll
 0002:00000238       __imp_sf_set_compiledInfo  0000000180011238     sf_runtime:sf_runtime.dll
 0002:00000240       __imp_sf_get_isEnhancedMooreMachine 0000000180011240     sf_runtime:sf_runtime.dll
 0002:00000248       __imp_sf_mark_chart_reusable_outputs 0000000180011248     sf_runtime:sf_runtime.dll
 0002:00000250       __imp_sf_get_ChartInfoStruct_CodeGen 0000000180011250     sf_runtime:sf_runtime.dll
 0002:00000258       __imp_sf_debug_cv_init_state 0000000180011258     sf_runtime:sf_runtime.dll
 0002:00000260       __imp_sf_debug_cv_init_chart 0000000180011260     sf_runtime:sf_runtime.dll
 0002:00000268       __imp_sf_debug_cv_init_trans 0000000180011268     sf_runtime:sf_runtime.dll
 0002:00000270       __imp_sf_debug_data_range_wrapper 0000000180011270     sf_runtime:sf_runtime.dll
 0002:00000278       __imp_sf_debug_set_chart_substate_count 0000000180011278     sf_runtime:sf_runtime.dll
 0002:00000280       __imp_sf_debug_set_chart_decomposition 0000000180011280     sf_runtime:sf_runtime.dll
 0002:00000288       __imp_sf_debug_set_chart_state_info 0000000180011288     sf_runtime:sf_runtime.dll
 0002:00000290       __imp_sf_debug_create_debug_instance_struct 0000000180011290     sf_runtime:sf_runtime.dll
 0002:00000298       __imp_sf_debug_set_chart_disable_implicit_casting 0000000180011298     sf_runtime:sf_runtime.dll
 0002:000002a0       __imp_sf_debug_set_instance_data_value_ptr 00000001800112a0     sf_runtime:sf_runtime.dll
 0002:000002a8       __imp_sf_debug_symbol_scope_add_eml_importable 00000001800112a8     sf_runtime:sf_runtime.dll
 0002:000002b0       __imp_sf_debug_symbol_scope_add_eml 00000001800112b0     sf_runtime:sf_runtime.dll
 0002:000002b8       __imp_sf_debug_symbol_scope_pop 00000001800112b8     sf_runtime:sf_runtime.dll
 0002:000002c0       __imp_sf_debug_symbol_scope_push_eml 00000001800112c0     sf_runtime:sf_runtime.dll
 0002:000002c8       __imp_sf_debug_symbol_scope_push 00000001800112c8     sf_runtime:sf_runtime.dll
 0002:000002d0       __imp_sf_debug_set_chart_data_compiled_props 00000001800112d0     sf_runtime:sf_runtime.dll
 0002:000002d8       __imp_sf_debug_set_chart_data_props 00000001800112d8     sf_runtime:sf_runtime.dll
 0002:000002e0       __imp_sf_debug_check_for_state_inconsistency 00000001800112e0     sf_runtime:sf_runtime.dll
 0002:000002e8       __imp_sf_debug_reset_current_state_configuration 00000001800112e8     sf_runtime:sf_runtime.dll
 0002:000002f0       __imp_cv_eml_init_fcn      00000001800112f0     sf_runtime:sf_runtime.dll
 0002:000002f8       __imp_cv_eml_init_script   00000001800112f8     sf_runtime:sf_runtime.dll
 0002:00000300       __imp_cv_eml_eval          0000000180011300     sf_runtime:sf_runtime.dll
 0002:00000308       __imp_eml_debug_line_call  0000000180011308     sf_runtime:sf_runtime.dll
 0002:00000310       __imp_sf_debug_call        0000000180011310     sf_runtime:sf_runtime.dll
 0002:00000318       __imp_sf_clear_error_manager_info 0000000180011318     sf_runtime:sf_runtime.dll
 0002:00000320       __imp_sf_debug_set_chart_event_thresholds 0000000180011320     sf_runtime:sf_runtime.dll
 0002:00000328       __imp_sf_mex_error_direct_call 0000000180011328     sf_runtime:sf_runtime.dll
 0002:00000330       __imp_sf_debug_initialize_chart 0000000180011330     sf_runtime:sf_runtime.dll
 0002:00000338       __imp_ssGetOutputPortSignal_wrapper 0000000180011338     sf_runtime:sf_runtime.dll
 0002:00000340       __imp_ssGetInputPortSignal_wrapper 0000000180011340     sf_runtime:sf_runtime.dll
 0002:00000348       __imp_sf_mex_decode_encoded_mx_struct_array 0000000180011348     sf_runtime:sf_runtime.dll
 0002:00000350       __imp_sf_mex_import        0000000180011350     sf_runtime:sf_runtime.dll
 0002:00000358       __imp_sf_mex_destroy       0000000180011358     sf_runtime:sf_runtime.dll
 0002:00000360       __imp_sf_mex_dup           0000000180011360     sf_runtime:sf_runtime.dll
 0002:00000368       __imp_sf_mex_assign        0000000180011368     sf_runtime:sf_runtime.dll
 0002:00000370       __imp_sf_mex_getcell       0000000180011370     sf_runtime:sf_runtime.dll
 0002:00000378       __imp_sf_mex_setcell       0000000180011378     sf_runtime:sf_runtime.dll
 0002:00000380       __imp_sf_mex_createcellmatrix 0000000180011380     sf_runtime:sf_runtime.dll
 0002:00000388       __imp_sf_mex_create        0000000180011388     sf_runtime:sf_runtime.dll
 0002:00000390       __imp_sf_mex_createstruct  0000000180011390     sf_runtime:sf_runtime.dll
 0002:00000398       __imp_sf_mex_addfield      0000000180011398     sf_runtime:sf_runtime.dll
 0002:000003a0       __imp_sf_mex_error_message 00000001800113a0     sf_runtime:sf_runtime.dll
 0002:000003a8       __imp_sf_register_codegen_names_for_scoped_functions_defined_by_chart 00000001800113a8     sf_runtime:sf_runtime.dll
 0002:000003b0       __imp_sf_set_chart_accesses_machine_info 00000001800113b0     sf_runtime:sf_runtime.dll
 0002:000003b8       __imp_sf_is_first_init_cond 00000001800113b8     sf_runtime:sf_runtime.dll
 0002:000003c0       __imp_sf_get_time          00000001800113c0     sf_runtime:sf_runtime.dll
 0002:000003c8       __imp_sf_set_rtw_dwork_info 00000001800113c8     sf_runtime:sf_runtime.dll
 0002:000003d0       __imp_sf_clear_rtw_identifier 00000001800113d0     sf_runtime:sf_runtime.dll
 0002:000003d8       __imp_sim_mode_is_modelref_sim 00000001800113d8     sf_runtime:sf_runtime.dll
 0002:000003e0       __imp_sim_mode_is_external 00000001800113e0     sf_runtime:sf_runtime.dll
 0002:000003e8       __imp_sim_mode_is_rtw_gen  00000001800113e8     sf_runtime:sf_runtime.dll
 0002:000003f0       __imp_sf_mark_chart_expressionable_inputs 00000001800113f0     sf_runtime:sf_runtime.dll
 0002:000003f8       __imp_sf_is_chart_inlinable 00000001800113f8     sf_runtime:sf_runtime.dll
 0002:00000400       __imp_sf_update_buildInfo  0000000180011400     sf_runtime:sf_runtime.dll
 0002:00000408       __imp_sf_rtw_info_uint_prop 0000000180011408     sf_runtime:sf_runtime.dll
 0002:00000410       __imp_sf_get_chart_instance_ptr 0000000180011410     sf_runtime:sf_runtime.dll
 0002:00000418       __imp_sf_free_ChartRunTimeInfo 0000000180011418     sf_runtime:sf_runtime.dll
 0002:00000420       __imp_sf_init_ChartRunTimeInfo 0000000180011420     sf_runtime:sf_runtime.dll
 0002:00000428       __imp_sf_debug_set_machine_data_thresholds 0000000180011428     sf_runtime:sf_runtime.dll
 0002:00000430       __imp_sf_debug_set_machine_event_thresholds 0000000180011430     sf_runtime:sf_runtime.dll
 0002:00000438       __imp_sf_debug_initialize_machine 0000000180011438     sf_runtime:sf_runtime.dll
 0002:00000440       __imp_sf_debug_api         0000000180011440     sf_runtime:sf_runtime.dll
 0002:00000448       __imp_sf_load_rtw_optimization_info 0000000180011448     sf_runtime:sf_runtime.dll
 0002:00000450       \177sf_runtime_NULL_THUNK_DATA 0000000180011450     sf_runtime:sf_runtime.dll
 0002:00000458       __xc_a                     0000000180011458     MSVCRT:cinitexe.obj
 0002:00000460       __xc_z                     0000000180011460     MSVCRT:cinitexe.obj
 0002:00000468       __xi_a                     0000000180011468     MSVCRT:cinitexe.obj
 0002:00000480       __xi_z                     0000000180011480     MSVCRT:cinitexe.obj
 0002:00000490       __real@4191737dc8000000    0000000180011490     magLev_sim_sfun.obj
 0002:00000498       __real@41a906830a000000    0000000180011498     magLev_sim_sfun.obj
 0002:000004a0       __real@41bc987757000000    00000001800114a0     magLev_sim_sfun.obj
 0002:000004a8       __real@41d28468b4000000    00000001800114a8     magLev_sim_sfun.obj
 0002:000004b0       __real@41d6a96405000000    00000001800114b0     magLev_sim_sfun.obj
 0002:000004b8       __real@41da6e802d800000    00000001800114b8     magLev_sim_sfun.obj
 0002:000004c0       __real@41e5e8875ca00000    00000001800114c0     magLev_sim_sfun.obj
 0002:000004c8       __real@41e718f4fd800000    00000001800114c8     magLev_sim_sfun.obj
 0002:000004d0       __real@41e7996ae8200000    00000001800114d0     magLev_sim_sfun.obj
 0002:000004d8       __real@41e98e0335200000    00000001800114d8     magLev_sim_sfun.obj
 0002:000004e0       __real@41e9a414b1800000    00000001800114e0     magLev_sim_sfun.obj
 0002:000004e8       __real@41ea0a193c200000    00000001800114e8     magLev_sim_sfun.obj
 0002:000004f0       __real@3ff0000000000000    00000001800114f0     c1_magLev_sim.obj
 0002:000004f8       __real@4008000000000000    00000001800114f8     c1_magLev_sim.obj
 0002:00000500       __real@4010000000000000    0000000180011500     c1_magLev_sim.obj
 0002:00000508       __real@4024000000000000    0000000180011508     c1_magLev_sim.obj
 0002:00000510       __real@402a000000000000    0000000180011510     c1_magLev_sim.obj
 0002:00000518       __real@41c3e5600f000000    0000000180011518     c1_magLev_sim.obj
 0002:00000520       __real@41da1ff5aa000000    0000000180011520     c1_magLev_sim.obj
 0002:00000528       __real@41ebc99396e00000    0000000180011528     c1_magLev_sim.obj
 0002:00000530       __real@41ed0f595b000000    0000000180011530     c1_magLev_sim.obj
 0002:00000540       DYNAMIC_DIMENSION_DEF      0000000180011540     magLev_sim_sfun_registry.obj
 0002:00000560       _ssBadLevel2InputAccessMsg 0000000180011560     magLev_sim_sfun_registry.obj
 0002:000006f0       _ssBadLevel2ReusableInputAccessMsg 00000001800116f0     magLev_sim_sfun_registry.obj
 0002:000007f0       _ssBadLevel2DirectFeedMsg  00000001800117f0     magLev_sim_sfun_registry.obj
 0002:00000930       _ssBadLevel2DirectFeedSolutionMsg 0000000180011930     magLev_sim_sfun_registry.obj
 0002:000009a0       _ssBadLevel2ZeroDirectFeedMsg 00000001800119a0     magLev_sim_sfun_registry.obj
 0002:00000ae0       _ssBadLevel2ZeroDirectFeedMsg2 0000000180011ae0     magLev_sim_sfun_registry.obj
 0002:00000bc8       __real@0000000000000000    0000000180011bc8     magLev_sim_sfun_registry.obj
 0002:00000bd0       __real@41602cbca0000000    0000000180011bd0     magLev_sim_sfun_registry.obj
 0002:00000bd8       __real@bff0000000000000    0000000180011bd8     magLev_sim_sfun_registry.obj
 0002:00000bf0       _pRawDllMain               0000000180011bf0     MSVCRT:crtdll.obj
 0002:00000bf0       _pDefaultRawDllMain        0000000180011bf0     MSVCRT:crtdll.obj
 0002:00000bf8       ?ProcessDetach@NativeDll@<CrtImplementationDetails>@@0IB 0000000180011bf8     MSVCRT:initsect.obj
 0002:00000bfc       ?ProcessAttach@NativeDll@<CrtImplementationDetails>@@0IB 0000000180011bfc     MSVCRT:initsect.obj
 0002:00000c00       ?ThreadAttach@NativeDll@<CrtImplementationDetails>@@0IB 0000000180011c00     MSVCRT:initsect.obj
 0002:00000c04       ?ThreadDetach@NativeDll@<CrtImplementationDetails>@@0IB 0000000180011c04     MSVCRT:initsect.obj
 0002:00000c08       ?ProcessVerifier@NativeDll@<CrtImplementationDetails>@@0IB 0000000180011c08     MSVCRT:initsect.obj
 0002:00000c0c       ?value@?$integral_constant@_N$0A@@std@@2_NB 0000000180011c0c     MSVCRT:tncleanup.obj
 0002:00000c0d       ?value@?$integral_constant@_N$00@std@@2_NB 0000000180011c0d     MSVCRT:tncleanup.obj
 0002:00000c10       _load_config_used          0000000180011c10     MSVCRT:loadcfg.obj
 0002:00000c80       __rtc_iaa                  0000000180011c80     MSVCRT:initsect.obj
 0002:00000c88       __rtc_izz                  0000000180011c88     MSVCRT:initsect.obj
 0002:00000c90       __rtc_taa                  0000000180011c90     MSVCRT:initsect.obj
 0002:00000c98       __rtc_tzz                  0000000180011c98     MSVCRT:initsect.obj
 0002:000014e8       __IMPORT_DESCRIPTOR_sf_runtime 00000001800124e8     sf_runtime:sf_runtime.dll
 0002:000014fc       __IMPORT_DESCRIPTOR_libmx  00000001800124fc     libmx:libmx.dll
 0002:00001510       __IMPORT_DESCRIPTOR_libmex 0000000180012510     libmex:libmex.dll
 0002:00001524       __IMPORT_DESCRIPTOR_libut  0000000180012524     libut:libut.dll
 0002:00001538       __IMPORT_DESCRIPTOR_MSVCR120 0000000180012538     MSVCRT:MSVCR120.dll
 0002:0000154c       __IMPORT_DESCRIPTOR_KERNEL32 000000018001254c     kernel32:KERNEL32.dll
 0002:00001560       __NULL_IMPORT_DESCRIPTOR   0000000180012560     sf_runtime:sf_runtime.dll
 0003:00001940       DYNAMIC_DIMENSION          0000000180015940     magLev_sim_sfun_registry.obj
 0003:00001ac0       __security_cookie          0000000180015ac0     MSVCRT:gs_cookie.obj
 0003:00001ac8       __security_cookie_complement 0000000180015ac8     MSVCRT:gs_cookie.obj
 0003:00001ad0       _fltused                   0000000180015ad0     MSVCRT:dllsupp.obj
 0003:00001ad4       __native_dllmain_reason    0000000180015ad4     MSVCRT:natstart.obj
 0003:00001b00       sfGlobalDebugInstanceStruct 0000000180015b00     magLev_sim_sfun_registry.obj
 0003:00002158       ?__type_info_root_node@@3U__type_info_node@@A 0000000180016158     MSVCRT:tncleanup.obj
 0003:00002168       _magLev_simMachineNumber_  0000000180016168     <common>
 0003:00002170       __native_startup_lock      0000000180016170     <common>
 0003:00002178       __native_startup_state     0000000180016178     <common>
 0003:00002180       __onexitend                0000000180016180     <common>
 0003:00002188       __onexitbegin              0000000180016188     <common>
 0003:00002190       __dyn_tls_init_callback    0000000180016190     <common>

 entry point at        0001:0000ed34

 Static symbols

 0000:00000000       .debug$S                   0000000180000000     sf_runtime:sf_runtime.dll
 0000:00000000       .debug$S                   0000000180000000     sf_runtime:sf_runtime.dll
 0000:00000000       .debug$S                   0000000180000000     sf_runtime:sf_runtime.dll
 0000:00000000       .debug$S                   0000000180000000     sf_runtime:sf_runtime.dll
 0000:00000000       .debug$S                   0000000180000000     sf_runtime:sf_runtime.dll
 0000:00000000       .debug$S                   0000000180000000     sf_runtime:sf_runtime.dll
 0000:00000000       .debug$S                   0000000180000000     kernel32:KERNEL32.dll
 0000:00000000       .debug$S                   0000000180000000     kernel32:KERNEL32.dll
 0000:00000000       .debug$S                   0000000180000000     kernel32:KERNEL32.dll
 0000:00000000       .debug$S                   0000000180000000     kernel32:KERNEL32.dll
 0000:00000000       .debug$S                   0000000180000000     kernel32:KERNEL32.dll
 0000:00000000       .debug$S                   0000000180000000     kernel32:KERNEL32.dll
 0000:00000000       .debug$S                   0000000180000000     kernel32:KERNEL32.dll
 0000:00000000       .debug$S                   0000000180000000     kernel32:KERNEL32.dll
 0000:00000000       .debug$S                   0000000180000000     kernel32:KERNEL32.dll
 0000:00000000       .debug$S                   0000000180000000     MSVCRT:MSVCR120.dll
 0000:00000000       .debug$S                   0000000180000000     MSVCRT:MSVCR120.dll
 0000:00000000       .debug$S                   0000000180000000     MSVCRT:MSVCR120.dll
 0000:00000000       .debug$S                   0000000180000000     MSVCRT:MSVCR120.dll
 0000:00000000       .debug$S                   0000000180000000     MSVCRT:MSVCR120.dll
 0000:00000000       .debug$S                   0000000180000000     MSVCRT:MSVCR120.dll
 0000:00000000       .debug$S                   0000000180000000     MSVCRT:MSVCR120.dll
 0000:00000000       .debug$S                   0000000180000000     MSVCRT:MSVCR120.dll
 0000:00000000       .debug$S                   0000000180000000     MSVCRT:MSVCR120.dll
 0000:00000000       .debug$S                   0000000180000000     MSVCRT:MSVCR120.dll
 0000:00000000       .debug$S                   0000000180000000     MSVCRT:MSVCR120.dll
 0000:00000000       .debug$S                   0000000180000000     MSVCRT:MSVCR120.dll
 0000:00000000       .debug$S                   0000000180000000     MSVCRT:MSVCR120.dll
 0000:00000000       .debug$S                   0000000180000000     MSVCRT:MSVCR120.dll
 0000:00000000       .debug$S                   0000000180000000     MSVCRT:MSVCR120.dll
 0000:00000000       .debug$S                   0000000180000000     MSVCRT:MSVCR120.dll
 0000:00000000       .debug$S                   0000000180000000     MSVCRT:MSVCR120.dll
 0000:00000000       .debug$S                   0000000180000000     MSVCRT:MSVCR120.dll
 0000:00000000       .debug$S                   0000000180000000     MSVCRT:MSVCR120.dll
 0000:00000000       .debug$S                   0000000180000000     MSVCRT:MSVCR120.dll
 0000:00000000       .debug$S                   0000000180000000     MSVCRT:MSVCR120.dll
 0000:00000000       .debug$S                   0000000180000000     MSVCRT:MSVCR120.dll
 0000:00000000       .debug$S                   0000000180000000     MSVCRT:MSVCR120.dll
 0000:00000000       .debug$S                   0000000180000000     MSVCRT:MSVCR120.dll
 0000:00000000       .debug$S                   0000000180000000     MSVCRT:MSVCR120.dll
 0000:00000000       .debug$S                   0000000180000000     sf_runtime:sf_runtime.dll
 0000:00000000       .debug$S                   0000000180000000     sf_runtime:sf_runtime.dll
 0000:00000000       .debug$S                   0000000180000000     sf_runtime:sf_runtime.dll
 0000:00000000       .debug$S                   0000000180000000     sf_runtime:sf_runtime.dll
 0000:00000000       .debug$S                   0000000180000000     sf_runtime:sf_runtime.dll
 0000:00000000       .debug$S                   0000000180000000     sf_runtime:sf_runtime.dll
 0000:00000000       .debug$S                   0000000180000000     sf_runtime:sf_runtime.dll
 0000:00000000       .debug$S                   0000000180000000     sf_runtime:sf_runtime.dll
 0000:00000000       .debug$S                   0000000180000000     sf_runtime:sf_runtime.dll
 0000:00000000       .debug$S                   0000000180000000     sf_runtime:sf_runtime.dll
 0000:00000000       .debug$S                   0000000180000000     sf_runtime:sf_runtime.dll
 0000:00000000       .debug$S                   0000000180000000     sf_runtime:sf_runtime.dll
 0000:00000000       .debug$S                   0000000180000000     sf_runtime:sf_runtime.dll
 0000:00000000       .debug$S                   0000000180000000     sf_runtime:sf_runtime.dll
 0000:00000000       .debug$S                   0000000180000000     sf_runtime:sf_runtime.dll
 0000:00000000       .debug$S                   0000000180000000     sf_runtime:sf_runtime.dll
 0000:00000000       .debug$S                   0000000180000000     sf_runtime:sf_runtime.dll
 0000:00000000       .debug$S                   0000000180000000     sf_runtime:sf_runtime.dll
 0000:00000000       .debug$S                   0000000180000000     sf_runtime:sf_runtime.dll
 0000:00000000       .debug$S                   0000000180000000     sf_runtime:sf_runtime.dll
 0000:00000000       .debug$S                   0000000180000000     sf_runtime:sf_runtime.dll
 0000:00000000       .debug$S                   0000000180000000     sf_runtime:sf_runtime.dll
 0000:00000000       .debug$S                   0000000180000000     sf_runtime:sf_runtime.dll
 0000:00000000       .debug$S                   0000000180000000     sf_runtime:sf_runtime.dll
 0000:00000000       .debug$S                   0000000180000000     sf_runtime:sf_runtime.dll
 0000:00000000       .debug$S                   0000000180000000     sf_runtime:sf_runtime.dll
 0000:00000000       .debug$S                   0000000180000000     sf_runtime:sf_runtime.dll
 0000:00000000       .debug$S                   0000000180000000     sf_runtime:sf_runtime.dll
 0000:00000000       .debug$S                   0000000180000000     sf_runtime:sf_runtime.dll
 0000:00000000       .debug$S                   0000000180000000     sf_runtime:sf_runtime.dll
 0000:00000000       .debug$S                   0000000180000000     sf_runtime:sf_runtime.dll
 0000:00000000       .debug$S                   0000000180000000     sf_runtime:sf_runtime.dll
 0000:00000000       .debug$S                   0000000180000000     sf_runtime:sf_runtime.dll
 0000:00000000       .debug$S                   0000000180000000     libmx:libmx.dll
 0000:00000000       .debug$S                   0000000180000000     sf_runtime:sf_runtime.dll
 0000:00000000       .debug$S                   0000000180000000     sf_runtime:sf_runtime.dll
 0000:00000000       .debug$S                   0000000180000000     libut:libut.dll
 0000:00000000       .debug$S                   0000000180000000     libut:libut.dll
 0000:00000000       .debug$S                   0000000180000000     sf_runtime:sf_runtime.dll
 0000:00000000       .debug$S                   0000000180000000     libmex:libmex.dll
 0000:00000000       .debug$S                   0000000180000000     libmex:libmex.dll
 0000:00000000       .debug$S                   0000000180000000     libmex:libmex.dll
 0000:00000000       .debug$S                   0000000180000000     libmex:libmex.dll
 0000:00000000       .debug$S                   0000000180000000     libmex:libmex.dll
 0000:00000000       .debug$S                   0000000180000000     libmex:libmex.dll
 0000:00000000       .debug$S                   0000000180000000     libmex:libmex.dll
 0000:00000000       .debug$S                   0000000180000000     sf_runtime:sf_runtime.dll
 0000:00000000       .debug$S                   0000000180000000     libmx:libmx.dll
 0000:00000000       .debug$S                   0000000180000000     libmx:libmx.dll
 0000:00000000       .debug$S                   0000000180000000     libmx:libmx.dll
 0000:00000000       .debug$S                   0000000180000000     libmx:libmx.dll
 0000:00000000       .debug$S                   0000000180000000     libmx:libmx.dll
 0000:00000000       .debug$S                   0000000180000000     libmx:libmx.dll
 0000:00000000       .debug$S                   0000000180000000     libmx:libmx.dll
 0000:00000000       .debug$S                   0000000180000000     libmx:libmx.dll
 0000:00000000       .debug$S                   0000000180000000     libmx:libmx.dll
 0000:00000000       .debug$S                   0000000180000000     libmx:libmx.dll
 0000:00000000       .debug$S                   0000000180000000     libmx:libmx.dll
 0000:00000000       .debug$S                   0000000180000000     libmx:libmx.dll
 0000:00000000       .debug$S                   0000000180000000     libmx:libmx.dll
 0000:00000000       .debug$S                   0000000180000000     sf_runtime:sf_runtime.dll
 0000:00000000       .debug$S                   0000000180000000     sf_runtime:sf_runtime.dll
 0000:00000000       .debug$S                   0000000180000000     sf_runtime:sf_runtime.dll
 0000:00000000       .debug$S                   0000000180000000     sf_runtime:sf_runtime.dll
 0000:00000000       .debug$S                   0000000180000000     sf_runtime:sf_runtime.dll
 0000:00000000       .debug$S                   0000000180000000     sf_runtime:sf_runtime.dll
 0000:00000000       .debug$S                   0000000180000000     sf_runtime:sf_runtime.dll
 0000:00000000       .debug$S                   0000000180000000     sf_runtime:sf_runtime.dll
 0000:00000000       .debug$S                   0000000180000000     sf_runtime:sf_runtime.dll
 0000:00000000       .debug$S                   0000000180000000     sf_runtime:sf_runtime.dll
 0000:00000000       .debug$S                   0000000180000000     sf_runtime:sf_runtime.dll
 0000:00000000       .debug$S                   0000000180000000     sf_runtime:sf_runtime.dll
 0000:00000000       .debug$S                   0000000180000000     sf_runtime:sf_runtime.dll
 0000:00000000       .debug$S                   0000000180000000     sf_runtime:sf_runtime.dll
 0000:00000000       .debug$S                   0000000180000000     sf_runtime:sf_runtime.dll
 0000:00000000       .debug$S                   0000000180000000     sf_runtime:sf_runtime.dll
 0000:00000000       .debug$S                   0000000180000000     sf_runtime:sf_runtime.dll
 0000:00000000       .debug$S                   0000000180000000     sf_runtime:sf_runtime.dll
 0000:00000000       .debug$S                   0000000180000000     sf_runtime:sf_runtime.dll
 0000:00000000       .debug$S                   0000000180000000     sf_runtime:sf_runtime.dll
 0000:00000000       .debug$S                   0000000180000000     sf_runtime:sf_runtime.dll
 0000:00000000       .debug$S                   0000000180000000     sf_runtime:sf_runtime.dll
 0000:00000000       .debug$S                   0000000180000000     sf_runtime:sf_runtime.dll
 0000:00000000       .debug$S                   0000000180000000     sf_runtime:sf_runtime.dll
 0000:00000000       .debug$S                   0000000180000000     sf_runtime:sf_runtime.dll
 0000:00000000       .debug$S                   0000000180000000     sf_runtime:sf_runtime.dll
 0000:00000000       .debug$S                   0000000180000000     sf_runtime:sf_runtime.dll
 0000:00000000       .debug$S                   0000000180000000     libmx:libmx.dll
 0000:00000000       .debug$S                   0000000180000000     libmx:libmx.dll
 0000:00000000       .debug$S                   0000000180000000     libmx:libmx.dll
 0000:00000000       .debug$S                   0000000180000000     libmx:libmx.dll
 0000:00000000       .debug$S                   0000000180000000     libmx:libmx.dll
 0000:00000000       .debug$S                   0000000180000000     libmx:libmx.dll
 0001:00001160       chart_debug_initialization 0000000180002160 f   c1_magLev_sim.obj
 0001:00001cf0       chart_debug_initialize_data_addresses 0000000180002cf0 f   c1_magLev_sim.obj
 0001:00001f60       initialize_c1_magLev_sim   0000000180002f60 f   c1_magLev_sim.obj
 0001:00001fd0       initialize_params_c1_magLev_sim 0000000180002fd0 f   c1_magLev_sim.obj
 0001:00001fe0       enable_c1_magLev_sim       0000000180002fe0 f   c1_magLev_sim.obj
 0001:00002010       disable_c1_magLev_sim      0000000180003010 f   c1_magLev_sim.obj
 0001:00002040       c1_update_debugger_state_c1_magLev_sim 0000000180003040 f   c1_magLev_sim.obj
 0001:00002050       get_sim_state_c1_magLev_sim 0000000180003050 f   c1_magLev_sim.obj
 0001:00002360       set_sim_state_c1_magLev_sim 0000000180003360 f   c1_magLev_sim.obj
 0001:000025b0       finalize_c1_magLev_sim     00000001800035b0 f   c1_magLev_sim.obj
 0001:000025c0       sf_gateway_c1_magLev_sim   00000001800035c0 f   c1_magLev_sim.obj
 0001:00003800       mdl_start_c1_magLev_sim    0000000180004800 f   c1_magLev_sim.obj
 0001:00003810       initSimStructsc1_magLev_sim 0000000180004810 f   c1_magLev_sim.obj
 0001:00003820       init_script_number_translation 0000000180004820 f   c1_magLev_sim.obj
 0001:00003840       c1_sf_marshallOut          0000000180004840 f   c1_magLev_sim.obj
 0001:00003950       c1_emlrt_marshallIn        0000000180004950 f   c1_magLev_sim.obj
 0001:000039c0       c1_b_emlrt_marshallIn      00000001800049c0 f   c1_magLev_sim.obj
 0001:00003ab0       c1_sf_marshallIn           0000000180004ab0 f   c1_magLev_sim.obj
 0001:00003bb0       c1_b_sf_marshallOut        0000000180004bb0 f   c1_magLev_sim.obj
 0001:00003cd0       c1_c_emlrt_marshallIn      0000000180004cd0 f   c1_magLev_sim.obj
 0001:00003d40       c1_d_emlrt_marshallIn      0000000180004d40 f   c1_magLev_sim.obj
 0001:00003e40       c1_b_sf_marshallIn         0000000180004e40 f   c1_magLev_sim.obj
 0001:00003f40       c1_c_sf_marshallOut        0000000180004f40 f   c1_magLev_sim.obj
 0001:00003ff0       c1_e_emlrt_marshallIn      0000000180004ff0 f   c1_magLev_sim.obj
 0001:00004060       c1_f_emlrt_marshallIn      0000000180005060 f   c1_magLev_sim.obj
 0001:000040f0       c1_c_sf_marshallIn         00000001800050f0 f   c1_magLev_sim.obj
 0001:000041a0       c1_d_sf_marshallOut        00000001800051a0 f   c1_magLev_sim.obj
 0001:00004740       c1_e_sf_marshallOut        0000000180005740 f   c1_magLev_sim.obj
 0001:000048a0       c1_g_emlrt_marshallIn      00000001800058a0 f   c1_magLev_sim.obj
 0001:000049a0       c1_d_sf_marshallIn         00000001800059a0 f   c1_magLev_sim.obj
 0001:00004af0       c1_DataGS_bus_io           0000000180005af0 f   c1_magLev_sim.obj
 0001:00004d20       c1_i_emlrt_marshallIn      0000000180005d20 f   c1_magLev_sim.obj
 0001:00004d90       c1_j_emlrt_marshallIn      0000000180005d90 f   c1_magLev_sim.obj
 0001:00004e20       init_dsm_address_info      0000000180005e20 f   c1_magLev_sim.obj
 0001:00004e30       init_simulink_io_address   0000000180005e30 f   c1_magLev_sim.obj
 0001:00005cf0       sf_get_sim_state_info_c1_magLev_sim 0000000180006cf0 f   c1_magLev_sim.obj
 0001:00005dc0       sf_get_instance_specialization 0000000180006dc0 f   c1_magLev_sim.obj
 0001:00005dd0       sf_opaque_initialize_c1_magLev_sim 0000000180006dd0 f   c1_magLev_sim.obj
 0001:00005e10       sf_opaque_enable_c1_magLev_sim 0000000180006e10 f   c1_magLev_sim.obj
 0001:00005e30       sf_opaque_disable_c1_magLev_sim 0000000180006e30 f   c1_magLev_sim.obj
 0001:00005e50       sf_opaque_gateway_c1_magLev_sim 0000000180006e50 f   c1_magLev_sim.obj
 0001:00005e70       sf_opaque_get_sim_state_c1_magLev_sim 0000000180006e70 f   c1_magLev_sim.obj
 0001:00005ea0       sf_opaque_set_sim_state_c1_magLev_sim 0000000180006ea0 f   c1_magLev_sim.obj
 0001:00005ed0       sf_opaque_terminate_c1_magLev_sim 0000000180006ed0 f   c1_magLev_sim.obj
 0001:00005f70       mdlProcessParameters_c1_magLev_sim 0000000180006f70 f   c1_magLev_sim.obj
 0001:00006030       mdlSetWorkWidths_c1_magLev_sim 0000000180007030 f   c1_magLev_sim.obj
 0001:00006710       mdlRTW_c1_magLev_sim       0000000180007710 f   c1_magLev_sim.obj
 0001:00006750       mdlStart_c1_magLev_sim     0000000180007750 f   c1_magLev_sim.obj
 0001:00007c98       $LN120                     0000000180008c98     magLev_sim_sfun_registry.obj
 0001:00009d14       $LN17                      000000018000ad14     magLev_sim_sfun_registry.obj
 0001:0000a29c       $LN26                      000000018000b29c     magLev_sim_sfun_registry.obj
 0001:0000a984       $LN23                      000000018000b984     magLev_sim_sfun_registry.obj
 0001:0000af60       $LN26                      000000018000bf60     magLev_sim_sfun_registry.obj
 0001:0000cb70       sf_debug_api_wrapper       000000018000db70 f   magLev_sim_sfun_registry.obj
 0001:0000cbc0       ProcessMexSfunctionCmdLineCall 000000018000dbc0 f   magLev_sim_sfun_registry.obj
 0001:0000cf30       mdlSetWorkWidths           000000018000df30 f   magLev_sim_sfun_registry.obj
 0001:0000cf60       mdlProcessParameters       000000018000df60 f   magLev_sim_sfun_registry.obj
 0001:0000cf90       mdl_start_processing       000000018000df90 f   magLev_sim_sfun_registry.obj
 0001:0000d040       mdl_terminate_processing   000000018000e040 f   magLev_sim_sfun_registry.obj
 0001:0000d0d0       mdlStart                   000000018000e0d0 f   magLev_sim_sfun_registry.obj
 0001:0000d100       mdlTerminate               000000018000e100 f   magLev_sim_sfun_registry.obj
 0001:0000d130       mdlInitializeSizes         000000018000e130 f   magLev_sim_sfun_registry.obj
 0001:0000d160       mdlInitializeSampleTimes   000000018000e160 f   magLev_sim_sfun_registry.obj
 0001:0000d190       mdl_outputs_continuous_legacy 000000018000e190 f   magLev_sim_sfun_registry.obj
 0001:0000d290       mdl_outputs_processing     000000018000e290 f   magLev_sim_sfun_registry.obj
 0001:0000d3b0       mdl_zeroCrossings_processing 000000018000e3b0 f   magLev_sim_sfun_registry.obj
 0001:0000d3f0       mdlZeroCrossings           000000018000e3f0 f   magLev_sim_sfun_registry.obj
 0001:0000d420       mdl_derivatives_processing 000000018000e420 f   magLev_sim_sfun_registry.obj
 0001:0000d470       mdlDerivatives             000000018000e470 f   magLev_sim_sfun_registry.obj
 0001:0000d4a0       mdl_initialize_conditions_processing 000000018000e4a0 f   magLev_sim_sfun_registry.obj
 0001:0000d4f0       mdlInitializeConditions    000000018000e4f0 f   magLev_sim_sfun_registry.obj
 0001:0000d520       mdl_ext_mode_exec_processing 000000018000e520 f   magLev_sim_sfun_registry.obj
 0001:0000d560       mdlExtModeExec             000000018000e560 f   magLev_sim_sfun_registry.obj
 0001:0000d590       mdlRTW                     000000018000e590 f   magLev_sim_sfun_registry.obj
 0001:0000d5d0       mdl_enable_processing      000000018000e5d0 f   magLev_sim_sfun_registry.obj
 0001:0000d610       mdlEnable                  000000018000e610 f   magLev_sim_sfun_registry.obj
 0001:0000d640       mdl_disable_processing     000000018000e640 f   magLev_sim_sfun_registry.obj
 0001:0000d680       mdlDisable                 000000018000e680 f   magLev_sim_sfun_registry.obj
 0001:0000d6b0       mdlOutputs                 000000018000e6b0 f   magLev_sim_sfun_registry.obj
 0001:0000d6e0       mdl_update_processing      000000018000e6e0 f   magLev_sim_sfun_registry.obj
 0001:0000d730       mdlUpdate                  000000018000e730 f   magLev_sim_sfun_registry.obj
 0001:0000d910       mdlGetTimeOfNextVarHit     000000018000e910 f   magLev_sim_sfun_registry.obj
 0001:0000d960       _RegNumInputPortsCB        000000018000e960 f   magLev_sim_sfun_registry.obj
 0001:0000d9e0       _RegNumOutputPortsCB       000000018000e9e0 f   magLev_sim_sfun_registry.obj
 0001:0000da60       _CreateSimStruct           000000018000ea60 f   magLev_sim_sfun_registry.obj
 0001:0000dc40       _ssFatalError              000000018000ec40 f   magLev_sim_sfun_registry.obj
 0001:0000dd10       _ProcessMexSfunctionCmdLineCall 000000018000ed10 f   magLev_sim_sfun_registry.obj
 0001:0000ea20       $$000000                   000000018000fa20     MSVCRT:amdsecgs.obj
 0001:0000ea7c       pre_c_init                 000000018000fa7c f   MSVCRT:crtdll.obj
 0001:0000ed74       __DllMainCRTStartup        000000018000fd74 f   MSVCRT:crtdll.obj
 0001:0000f290       __DllMainCRTStartup$filt$0 0000000180010290 f   MSVCRT:crtdll.obj
 0001:0000f2b5       __DllMainCRTStartup$fin$1  00000001800102b5 f   MSVCRT:crtdll.obj
 0001:0000f2d0       _IsNonwritableInCurrentImage$filt$0 00000001800102d0 f   MSVCRT:pesect.obj
 0001:0000f2f0       _onexit$fin$0              00000001800102f0 f   MSVCRT:atonexit.obj
 0002:00000470       pcinit                     0000000180011470     MSVCRT:crtdll.obj
 0002:00000478       pinit                      0000000180011478     MSVCRT:atonexit.obj
 0002:00000be0       GS_ExceptionPointers       0000000180011be0     MSVCRT:gs_report.obj
 0002:00000ca0       $unwind$load_magLev_sim_optimization_info 0000000180011ca0     magLev_sim_sfun.obj
 0002:00000ca8       $unwind$unload_magLev_sim_optimization_info 0000000180011ca8     magLev_sim_sfun.obj
 0002:00000cb0       $unwind$sf_magLev_sim_method_dispatcher 0000000180011cb0     magLev_sim_sfun.obj
 0002:00000cb8       $unwind$sf_magLev_sim_process_check_sum_call 0000000180011cb8     magLev_sim_sfun.obj
 0002:00000cc8       $unwind$sf_magLev_sim_autoinheritance_info 0000000180011cc8     magLev_sim_sfun.obj
 0002:00000cd8       $unwind$sf_magLev_sim_get_eml_resolved_functions_info 0000000180011cd8     magLev_sim_sfun.obj
 0002:00000ce8       $unwind$sf_magLev_sim_third_party_uses_info 0000000180011ce8     magLev_sim_sfun.obj
 0002:00000cf8       $unwind$sf_magLev_sim_jit_fallback_info 0000000180011cf8     magLev_sim_sfun.obj
 0002:00000d08       $unwind$sf_magLev_sim_updateBuildInfo_args_info 0000000180011d08     magLev_sim_sfun.obj
 0002:00000d18       $unwind$magLev_sim_debug_initialize 0000000180011d18     magLev_sim_sfun.obj
 0002:00000d20       $unwind$sf_c1_magLev_sim_get_eml_resolved_functions_info 0000000180011d20     c1_magLev_sim.obj
 0002:00000d28       $unwind$sf_c1_magLev_sim_get_check_sum 0000000180011d28     c1_magLev_sim.obj
 0002:00000d30       $unwind$c1_magLev_sim_method_dispatcher 0000000180011d30     c1_magLev_sim.obj
 0002:00000d38       $unwind$chart_debug_initialization 0000000180011d38     c1_magLev_sim.obj
 0002:00000d40       $unwind$chart_debug_initialize_data_addresses 0000000180011d40     c1_magLev_sim.obj
 0002:00000d48       $unwind$initialize_c1_magLev_sim 0000000180011d48     c1_magLev_sim.obj
 0002:00000d50       $unwind$enable_c1_magLev_sim 0000000180011d50     c1_magLev_sim.obj
 0002:00000d58       $unwind$disable_c1_magLev_sim 0000000180011d58     c1_magLev_sim.obj
 0002:00000d60       $unwind$get_sim_state_c1_magLev_sim 0000000180011d60     c1_magLev_sim.obj
 0002:00000d68       $unwind$set_sim_state_c1_magLev_sim 0000000180011d68     c1_magLev_sim.obj
 0002:00000d78       $unwind$sf_gateway_c1_magLev_sim 0000000180011d78     c1_magLev_sim.obj
 0002:00000d88       $unwind$c1_sf_marshallOut  0000000180011d88     c1_magLev_sim.obj
 0002:00000d98       $unwind$c1_emlrt_marshallIn 0000000180011d98     c1_magLev_sim.obj
 0002:00000da0       $unwind$c1_b_emlrt_marshallIn 0000000180011da0     c1_magLev_sim.obj
 0002:00000db0       $unwind$c1_sf_marshallIn   0000000180011db0     c1_magLev_sim.obj
 0002:00000dc0       $unwind$c1_b_sf_marshallOut 0000000180011dc0     c1_magLev_sim.obj
 0002:00000dd0       $unwind$c1_c_emlrt_marshallIn 0000000180011dd0     c1_magLev_sim.obj
 0002:00000dd8       $unwind$c1_d_emlrt_marshallIn 0000000180011dd8     c1_magLev_sim.obj
 0002:00000de8       $unwind$c1_b_sf_marshallIn 0000000180011de8     c1_magLev_sim.obj
 0002:00000df8       $unwind$c1_c_sf_marshallOut 0000000180011df8     c1_magLev_sim.obj
 0002:00000e00       $unwind$c1_e_emlrt_marshallIn 0000000180011e00     c1_magLev_sim.obj
 0002:00000e08       $unwind$c1_f_emlrt_marshallIn 0000000180011e08     c1_magLev_sim.obj
 0002:00000e10       $unwind$c1_c_sf_marshallIn 0000000180011e10     c1_magLev_sim.obj
 0002:00000e18       $unwind$c1_d_sf_marshallOut 0000000180011e18     c1_magLev_sim.obj
 0002:00000e2c       $unwind$c1_e_sf_marshallOut 0000000180011e2c     c1_magLev_sim.obj
 0002:00000e3c       $unwind$c1_g_emlrt_marshallIn 0000000180011e3c     c1_magLev_sim.obj
 0002:00000e4c       $unwind$c1_d_sf_marshallIn 0000000180011e4c     c1_magLev_sim.obj
 0002:00000e5c       $unwind$c1_DataGS_bus_io   0000000180011e5c     c1_magLev_sim.obj
 0002:00000e6c       $unwind$c1_i_emlrt_marshallIn 0000000180011e6c     c1_magLev_sim.obj
 0002:00000e74       $unwind$c1_j_emlrt_marshallIn 0000000180011e74     c1_magLev_sim.obj
 0002:00000e7c       $unwind$init_simulink_io_address 0000000180011e7c     c1_magLev_sim.obj
 0002:00000e84       $unwind$sf_c1_magLev_sim_get_post_codegen_info 0000000180011e84     c1_magLev_sim.obj
 0002:00000e8c       $unwind$sf_c1_magLev_sim_get_autoinheritance_info 0000000180011e8c     c1_magLev_sim.obj
 0002:00000e9c       $unwind$sf_c1_magLev_sim_third_party_uses_info 0000000180011e9c     c1_magLev_sim.obj
 0002:00000ea4       $unwind$sf_c1_magLev_sim_jit_fallback_info 0000000180011ea4     c1_magLev_sim.obj
 0002:00000eb4       $unwind$sf_c1_magLev_sim_updateBuildInfo_args_info 0000000180011eb4     c1_magLev_sim.obj
 0002:00000ebc       $unwind$sf_get_sim_state_info_c1_magLev_sim 0000000180011ebc     c1_magLev_sim.obj
 0002:00000ec4       $unwind$sf_opaque_initialize_c1_magLev_sim 0000000180011ec4     c1_magLev_sim.obj
 0002:00000ecc       $unwind$sf_opaque_enable_c1_magLev_sim 0000000180011ecc     c1_magLev_sim.obj
 0002:00000ed4       $unwind$sf_opaque_disable_c1_magLev_sim 0000000180011ed4     c1_magLev_sim.obj
 0002:00000edc       $unwind$sf_opaque_gateway_c1_magLev_sim 0000000180011edc     c1_magLev_sim.obj
 0002:00000ee4       $unwind$sf_opaque_get_sim_state_c1_magLev_sim 0000000180011ee4     c1_magLev_sim.obj
 0002:00000eec       $unwind$sf_opaque_set_sim_state_c1_magLev_sim 0000000180011eec     c1_magLev_sim.obj
 0002:00000ef4       $unwind$sf_opaque_terminate_c1_magLev_sim 0000000180011ef4     c1_magLev_sim.obj
 0002:00000efc       $unwind$mdlProcessParameters_c1_magLev_sim 0000000180011efc     c1_magLev_sim.obj
 0002:00000f04       $unwind$mdlSetWorkWidths_c1_magLev_sim 0000000180011f04     c1_magLev_sim.obj
 0002:00000f0c       $unwind$mdlRTW_c1_magLev_sim 0000000180011f0c     c1_magLev_sim.obj
 0002:00000f14       $unwind$mdlStart_c1_magLev_sim 0000000180011f14     c1_magLev_sim.obj
 0002:00000f1c       $unwind$mexFunction        0000000180011f1c     magLev_sim_sfun_registry.obj
 0002:00000f24       $unwind$_ssSetInputPortDirectFeedThroughFcn 0000000180011f24     magLev_sim_sfun_registry.obj
 0002:00000f2c       $unwind$_ssGetInputPortSignalPtrsFcn 0000000180011f2c     magLev_sim_sfun_registry.obj
 0002:00000f34       $unwind$_ssGetInputPortSignalFcn 0000000180011f34     magLev_sim_sfun_registry.obj
 0002:00000f3c       $unwind$_ssSetInputPortReusableFcn 0000000180011f3c     magLev_sim_sfun_registry.obj
 0002:00000f4c       $unwind$_ssSetOutputPortReusableFcn 0000000180011f4c     magLev_sim_sfun_registry.obj
 0002:00000f5c       $unwind$_ssSetSymbolicDimsSupport 0000000180011f5c     magLev_sim_sfun_registry.obj
 0002:00000f64       $unwind$_ssRegisterSymbolicDimsExpr 0000000180011f64     magLev_sim_sfun_registry.obj
 0002:00000f6c       $unwind$_ssRegisterSymbolicDims 0000000180011f6c     magLev_sim_sfun_registry.obj
 0002:00000f74       $unwind$_ssRegisterSymbolicDimsString 0000000180011f74     magLev_sim_sfun_registry.obj
 0002:00000f7c       $unwind$_ssRegisterSymbolicDimsIntValue 0000000180011f7c     magLev_sim_sfun_registry.obj
 0002:00000f84       $unwind$_ssRegisterSymbolicDimsPlus 0000000180011f84     magLev_sim_sfun_registry.obj
 0002:00000f8c       $unwind$_ssRegisterSymbolicDimsMinus 0000000180011f8c     magLev_sim_sfun_registry.obj
 0002:00000f94       $unwind$_ssRegisterSymbolicDimsMultiply 0000000180011f94     magLev_sim_sfun_registry.obj
 0002:00000f9c       $unwind$_ssRegisterSymbolicDimsDivide 0000000180011f9c     magLev_sim_sfun_registry.obj
 0002:00000fa4       $unwind$_ssGetNumSymbolicDims 0000000180011fa4     magLev_sim_sfun_registry.obj
 0002:00000fac       $unwind$_ssGetSymbolicDim  0000000180011fac     magLev_sim_sfun_registry.obj
 0002:00000fb4       $unwind$_ssSetInputPortSymbolicDimsId 0000000180011fb4     magLev_sim_sfun_registry.obj
 0002:00000fbc       $unwind$_ssGetCompInputPortSymbolicDimsId 0000000180011fbc     magLev_sim_sfun_registry.obj
 0002:00000fc4       $unwind$_ssSetCompInputPortSymbolicDimsId 0000000180011fc4     magLev_sim_sfun_registry.obj
 0002:00000fcc       $unwind$_ssSetOutputPortSymbolicDimsId 0000000180011fcc     magLev_sim_sfun_registry.obj
 0002:00000fd4       $unwind$_ssGetCompOutputPortSymbolicDimsId 0000000180011fd4     magLev_sim_sfun_registry.obj
 0002:00000fdc       $unwind$_ssSetCompOutputPortSymbolicDimsId 0000000180011fdc     magLev_sim_sfun_registry.obj
 0002:00000fe4       $unwind$_ssSetCompDWorkSymbolicDimsId 0000000180011fe4     magLev_sim_sfun_registry.obj
 0002:00000fec       $unwind$ssGetIsZeroCrossControlDisabled 0000000180011fec     magLev_sim_sfun_registry.obj
 0002:00000ff4       $unwind$ssSetIsInputPortUsedForContZcSignal 0000000180011ff4     magLev_sim_sfun_registry.obj
 0002:00000ffc       $unwind$ssSetZcSignalIsZcElementDisc 0000000180011ffc     magLev_sim_sfun_registry.obj
 0002:0000100c       $unwind$ssSetZcSignalName  000000018001200c     magLev_sim_sfun_registry.obj
 0002:00001014       $unwind$ssSetZcSignalWidth 0000000180012014     magLev_sim_sfun_registry.obj
 0002:0000101c       $unwind$ssSetZcSignalZcEventType 000000018001201c     magLev_sim_sfun_registry.obj
 0002:00001024       $unwind$ssSetZcSignalType  0000000180012024     magLev_sim_sfun_registry.obj
 0002:0000102c       $unwind$ssSetZcSignalZcTol 000000018001202c     magLev_sim_sfun_registry.obj
 0002:00001034       $unwind$ssSetZcSignalNeedsEventNotification 0000000180012034     magLev_sim_sfun_registry.obj
 0002:0000103c       $unwind$ssCreateAndAddZcSignalInfo 000000018001203c     magLev_sim_sfun_registry.obj
 0002:00001044       $unwind$ssCloneAndAddZcSignalInfo 0000000180012044     magLev_sim_sfun_registry.obj
 0002:0000104c       $unwind$ssGetNumZcSignals  000000018001204c     magLev_sim_sfun_registry.obj
 0002:00001054       $unwind$ssGetZcSignalVector 0000000180012054     magLev_sim_sfun_registry.obj
 0002:0000105c       $unwind$ssGetZcSignalName  000000018001205c     magLev_sim_sfun_registry.obj
 0002:00001064       $unwind$ssGetZcSignalWidth 0000000180012064     magLev_sim_sfun_registry.obj
 0002:0000106c       $unwind$ssGetZcSignalZcEventType 000000018001206c     magLev_sim_sfun_registry.obj
 0002:00001074       $unwind$ssGetZcSignalZcEvents 0000000180012074     magLev_sim_sfun_registry.obj
 0002:0000107c       $unwind$ssGetZcSignalType  000000018001207c     magLev_sim_sfun_registry.obj
 0002:00001084       $unwind$ssGetZcSignalZcTol 0000000180012084     magLev_sim_sfun_registry.obj
 0002:0000108c       $unwind$ssGetZcSignalNeedsEventNotification 000000018001208c     magLev_sim_sfun_registry.obj
 0002:00001094       $unwind$ssGetZcSignalIsZcElementDisc 0000000180012094     magLev_sim_sfun_registry.obj
 0002:000010a4       $unwind$ssGetIsInputPortElementContinuous 00000001800120a4     magLev_sim_sfun_registry.obj
 0002:000010b4       $unwind$ssGetDTypeIdFromMxArray 00000001800120b4     magLev_sim_sfun_registry.obj
 0002:000010bc       $unwind$ssWriteRTWStr      00000001800120bc     magLev_sim_sfun_registry.obj
 0002:000010c4       $unwind$ssWriteRTWNameValuePair 00000001800120c4     magLev_sim_sfun_registry.obj
 0002:000010cc       $unwind$ssWriteRTWParamSettings 00000001800120cc     magLev_sim_sfun_registry.obj
 0002:000010d4       $unwind$ssWriteRTWParameters 00000001800120d4     magLev_sim_sfun_registry.obj
 0002:000010dc       $unwind$ssWriteRTWWorkVect 00000001800120dc     magLev_sim_sfun_registry.obj
 0002:000010f0       $unwind$ssWriteRTWMxVectParam 00000001800120f0     magLev_sim_sfun_registry.obj
 0002:000010f8       $unwind$ssWriteRTWMx2dMatParam 00000001800120f8     magLev_sim_sfun_registry.obj
 0002:00001100       $unwind$_ssSetInputPortMatrixDimensions 0000000180012100     magLev_sim_sfun_registry.obj
[...]
 0003:00002150       DebuggerWasPresent         0000000180016150     MSVCRT:gs_report.obj
 0003:00002154       __proc_attached            0000000180016154     MSVCRT:crtdll.obj
 0004:00000000       $pdata$load_magLev_sim_optimization_info 0000000180017000     magLev_sim_sfun.obj
 0004:0000000c       $pdata$unload_magLev_sim_optimization_info 000000018001700c     magLev_sim_sfun.obj
 0004:00000018       $pdata$sf_magLev_sim_method_dispatcher 0000000180017018     magLev_sim_sfun.obj
 0004:00000024       $pdata$sf_magLev_sim_process_check_sum_call 0000000180017024     magLev_sim_sfun.obj
 0004:00000030       $pdata$sf_magLev_sim_autoinheritance_info 0000000180017030     magLev_sim_sfun.obj
 0004:0000003c       $pdata$sf_magLev_sim_get_eml_resolved_functions_info 000000018001703c     magLev_sim_sfun.obj
 0004:00000048       $pdata$sf_magLev_sim_third_party_uses_info 0000000180017048     magLev_sim_sfun.obj
 0004:00000054       $pdata$sf_magLev_sim_jit_fallback_info 0000000180017054     magLev_sim_sfun.obj
 0004:00000060       $pdata$sf_magLev_sim_updateBuildInfo_args_info 0000000180017060     magLev_sim_sfun.obj
 0004:0000006c       $pdata$magLev_sim_debug_initialize 000000018001706c     magLev_sim_sfun.obj
 0004:00000078       $pdata$sf_c1_magLev_sim_get_eml_resolved_functions_info 0000000180017078     c1_magLev_sim.obj
 0004:00000084       $pdata$sf_c1_magLev_sim_get_check_sum 0000000180017084     c1_magLev_sim.obj
 0004:00000090       $pdata$c1_magLev_sim_method_dispatcher 0000000180017090     c1_magLev_sim.obj
 0004:0000009c       $pdata$chart_debug_initialization 000000018001709c     c1_magLev_sim.obj
 0004:000000a8       $pdata$chart_debug_initialize_data_addresses 00000001800170a8     c1_magLev_sim.obj
 0004:000000b4       $pdata$initialize_c1_magLev_sim 00000001800170b4     c1_magLev_sim.obj
 0004:000000c0       $pdata$enable_c1_magLev_sim 00000001800170c0     c1_magLev_sim.obj
 0004:000000cc       $pdata$disable_c1_magLev_sim 00000001800170cc     c1_magLev_sim.obj
 0004:000000d8       $pdata$get_sim_state_c1_magLev_sim 00000001800170d8     c1_magLev_sim.obj
 0004:000000e4       $pdata$set_sim_state_c1_magLev_sim 00000001800170e4     c1_magLev_sim.obj
 0004:000000f0       $pdata$sf_gateway_c1_magLev_sim 00000001800170f0     c1_magLev_sim.obj
 0004:000000fc       $pdata$c1_sf_marshallOut   00000001800170fc     c1_magLev_sim.obj
 0004:00000108       $pdata$c1_emlrt_marshallIn 0000000180017108     c1_magLev_sim.obj
 0004:00000114       $pdata$c1_b_emlrt_marshallIn 0000000180017114     c1_magLev_sim.obj
 0004:00000120       $pdata$c1_sf_marshallIn    0000000180017120     c1_magLev_sim.obj
 0004:0000012c       $pdata$c1_b_sf_marshallOut 000000018001712c     c1_magLev_sim.obj
 0004:00000138       $pdata$c1_c_emlrt_marshallIn 0000000180017138     c1_magLev_sim.obj
 0004:00000144       $pdata$c1_d_emlrt_marshallIn 0000000180017144     c1_magLev_sim.obj
 0004:00000150       $pdata$c1_b_sf_marshallIn  0000000180017150     c1_magLev_sim.obj
 0004:0000015c       $pdata$c1_c_sf_marshallOut 000000018001715c     c1_magLev_sim.obj
 0004:00000168       $pdata$c1_e_emlrt_marshallIn 0000000180017168     c1_magLev_sim.obj
 0004:00000174       $pdata$c1_f_emlrt_marshallIn 0000000180017174     c1_magLev_sim.obj
 0004:00000180       $pdata$c1_c_sf_marshallIn  0000000180017180     c1_magLev_sim.obj
 0004:0000018c       $pdata$c1_d_sf_marshallOut 000000018001718c     c1_magLev_sim.obj
 0004:00000198       $pdata$c1_e_sf_marshallOut 0000000180017198     c1_magLev_sim.obj
 0004:000001a4       $pdata$c1_g_emlrt_marshallIn 00000001800171a4     c1_magLev_sim.obj
 0004:000001b0       $pdata$c1_d_sf_marshallIn  00000001800171b0     c1_magLev_sim.obj
 0004:000001bc       $pdata$c1_DataGS_bus_io    00000001800171bc     c1_magLev_sim.obj
 0004:000001c8       $pdata$c1_i_emlrt_marshallIn 00000001800171c8     c1_magLev_sim.obj
 0004:000001d4       $pdata$c1_j_emlrt_marshallIn 00000001800171d4     c1_magLev_sim.obj
 0004:000001e0       $pdata$init_simulink_io_address 00000001800171e0     c1_magLev_sim.obj
 0004:000001ec       $pdata$sf_c1_magLev_sim_get_post_codegen_info 00000001800171ec     c1_magLev_sim.obj
 0004:000001f8       $pdata$sf_c1_magLev_sim_get_autoinheritance_info 00000001800171f8     c1_magLev_sim.obj
 0004:00000204       $pdata$sf_c1_magLev_sim_third_party_uses_info 0000000180017204     c1_magLev_sim.obj
 0004:00000210       $pdata$sf_c1_magLev_sim_jit_fallback_info 0000000180017210     c1_magLev_sim.obj
 0004:0000021c       $pdata$sf_c1_magLev_sim_updateBuildInfo_args_info 000000018001721c     c1_magLev_sim.obj
 0004:00000228       $pdata$sf_get_sim_state_info_c1_magLev_sim 0000000180017228     c1_magLev_sim.obj
 0004:00000234       $pdata$sf_opaque_initialize_c1_magLev_sim 0000000180017234     c1_magLev_sim.obj
 0004:00000240       $pdata$sf_opaque_enable_c1_magLev_sim 0000000180017240     c1_magLev_sim.obj
 0004:0000024c       $pdata$sf_opaque_disable_c1_magLev_sim 000000018001724c     c1_magLev_sim.obj
 0004:00000258       $pdata$sf_opaque_gateway_c1_magLev_sim 0000000180017258     c1_magLev_sim.obj
 0004:00000264       $pdata$sf_opaque_get_sim_state_c1_magLev_sim 0000000180017264     c1_magLev_sim.obj
 0004:00000270       $pdata$sf_opaque_set_sim_state_c1_magLev_sim 0000000180017270     c1_magLev_sim.obj
 0004:0000027c       $pdata$sf_opaque_terminate_c1_magLev_sim 000000018001727c     c1_magLev_sim.obj
 0004:00000288       $pdata$mdlProcessParameters_c1_magLev_sim 0000000180017288     c1_magLev_sim.obj
 0004:00000294       $pdata$mdlSetWorkWidths_c1_magLev_sim 0000000180017294     c1_magLev_sim.obj
 0004:000002a0       $pdata$mdlRTW_c1_magLev_sim 00000001800172a0     c1_magLev_sim.obj
 0004:000002ac       $pdata$mdlStart_c1_magLev_sim 00000001800172ac     c1_magLev_sim.obj
 0004:000002b8       $pdata$mexFunction         00000001800172b8     magLev_sim_sfun_registry.obj
 0004:000002c4       $pdata$_ssSetInputPortDirectFeedThroughFcn 00000001800172c4     magLev_sim_sfun_registry.obj
 0004:000002d0       $pdata$_ssGetInputPortSignalPtrsFcn 00000001800172d0     magLev_sim_sfun_registry.obj
 0004:000002dc       $pdata$_ssGetInputPortSignalFcn 00000001800172dc     magLev_sim_sfun_registry.obj
 0004:000002e8       $pdata$_ssSetInputPortReusableFcn 00000001800172e8     magLev_sim_sfun_registry.obj
 0004:000002f4       $pdata$_ssSetOutputPortReusableFcn 00000001800172f4     magLev_sim_sfun_registry.obj
 0004:00000300       $pdata$_ssSetSymbolicDimsSupport 0000000180017300     magLev_sim_sfun_registry.obj
 0004:0000030c       $pdata$_ssRegisterSymbolicDimsExpr 000000018001730c     magLev_sim_sfun_registry.obj
 0004:00000318       $pdata$_ssRegisterSymbolicDims 0000000180017318     magLev_sim_sfun_registry.obj
 0004:00000324       $pdata$_ssRegisterSymbolicDimsString 0000000180017324     magLev_sim_sfun_registry.obj
 0004:00000330       $pdata$_ssRegisterSymbolicDimsIntValue 0000000180017330     magLev_sim_sfun_registry.obj
 0004:0000033c       $pdata$_ssRegisterSymbolicDimsPlus 000000018001733c     magLev_sim_sfun_registry.obj
 0004:00000348       $pdata$_ssRegisterSymbolicDimsMinus 0000000180017348     magLev_sim_sfun_registry.obj
 0004:00000354       $pdata$_ssRegisterSymbolicDimsMultiply 0000000180017354     magLev_sim_sfun_registry.obj
 0004:00000360       $pdata$_ssRegisterSymbolicDimsDivide 0000000180017360     magLev_sim_sfun_registry.obj
 0004:0000036c       $pdata$_ssGetNumSymbolicDims 000000018001736c     magLev_sim_sfun_registry.obj
 0004:00000378       $pdata$_ssGetSymbolicDim   0000000180017378     magLev_sim_sfun_registry.obj
 0004:00000384       $pdata$_ssSetInputPortSymbolicDimsId 0000000180017384     magLev_sim_sfun_registry.obj
 0004:00000390       $pdata$_ssGetCompInputPortSymbolicDimsId 0000000180017390     magLev_sim_sfun_registry.obj
 0004:0000039c       $pdata$_ssSetCompInputPortSymbolicDimsId 000000018001739c     magLev_sim_sfun_registry.obj
 0004:000003a8       $pdata$_ssSetOutputPortSymbolicDimsId 00000001800173a8     magLev_sim_sfun_registry.obj
 0004:000003b4       $pdata$_ssGetCompOutputPortSymbolicDimsId 00000001800173b4     magLev_sim_sfun_registry.obj
 0004:000003c0       $pdata$_ssSetCompOutputPortSymbolicDimsId 00000001800173c0     magLev_sim_sfun_registry.obj
 0004:000003cc       $pdata$_ssSetCompDWorkSymbolicDimsId 00000001800173cc     magLev_sim_sfun_registry.obj
 0004:000003d8       $pdata$ssGetIsZeroCrossControlDisabled 00000001800173d8     magLev_sim_sfun_registry.obj
 0004:000003e4       $pdata$ssSetIsInputPortUsedForContZcSignal 00000001800173e4     magLev_sim_sfun_registry.obj
 0004:000003f0       $pdata$ssSetZcSignalIsZcElementDisc 00000001800173f0     magLev_sim_sfun_registry.obj
 0004:000003fc       $pdata$ssSetZcSignalName   00000001800173fc     magLev_sim_sfun_registry.obj
 0004:00000408       $pdata$ssSetZcSignalWidth  0000000180017408     magLev_sim_sfun_registry.obj
 0004:00000414       $pdata$ssSetZcSignalZcEventType 0000000180017414     magLev_sim_sfun_registry.obj
 0004:00000420       $pdata$ssSetZcSignalType   0000000180017420     magLev_sim_sfun_registry.obj
 0004:0000042c       $pdata$ssSetZcSignalZcTol  000000018001742c     magLev_sim_sfun_registry.obj
 0004:00000438       $pdata$ssSetZcSignalNeedsEventNotification 0000000180017438     magLev_sim_sfun_registry.obj
 0004:00000444       $pdata$ssCreateAndAddZcSignalInfo 0000000180017444     magLev_sim_sfun_registry.obj
 0004:00000450       $pdata$ssCloneAndAddZcSignalInfo 0000000180017450     magLev_sim_sfun_registry.obj
 0004:0000045c       $pdata$ssGetNumZcSignals   000000018001745c     magLev_sim_sfun_registry.obj
 0004:00000468       $pdata$ssGetZcSignalVector 0000000180017468     magLev_sim_sfun_registry.obj
 0004:00000474       $pdata$ssGetZcSignalName   0000000180017474     magLev_sim_sfun_registry.obj
 0004:00000480       $pdata$ssGetZcSignalWidth  0000000180017480     magLev_sim_sfun_registry.obj
 0004:0000048c       $pdata$ssGetZcSignalZcEventType 000000018001748c     magLev_sim_sfun_registry.obj
 0004:00000498       $pdata$ssGetZcSignalZcEvents 0000000180017498     magLev_sim_sfun_registry.obj
 0004:000004a4       $pdata$ssGetZcSignalType   00000001800174a4     magLev_sim_sfun_registry.obj
 0004:000004b0       $pdata$ssGetZcSignalZcTol  00000001800174b0     magLev_sim_sfun_registry.obj
 0004:000004bc       $pdata$ssGetZcSignalNeedsEventNotification 00000001800174bc     magLev_sim_sfun_registry.obj
 0004:000004c8       $pdata$ssGetZcSignalIsZcElementDisc 00000001800174c8     magLev_sim_sfun_registry.obj
 0004:000004d4       $pdata$ssGetIsInputPortElementContinuous 00000001800174d4     magLev_sim_sfun_registry.obj
 0004:000004e0       $pdata$ssGetDTypeIdFromMxArray 00000001800174e0     magLev_sim_sfun_registry.obj
 0004:000004ec       $pdata$ssWriteRTWStr       00000001800174ec     magLev_sim_sfun_registry.obj
 0004:000004f8       $pdata$ssWriteRTWNameValuePair 00000001800174f8     magLev_sim_sfun_registry.obj
 0004:00000504       $pdata$ssWriteRTWParamSettings 0000000180017504     magLev_sim_sfun_registry.obj
 0004:00000510       $pdata$ssWriteRTWParameters 0000000180017510     magLev_sim_sfun_registry.obj
 0004:0000051c       $pdata$ssWriteRTWWorkVect  000000018001751c     magLev_sim_sfun_registry.obj
 0004:00000528       $pdata$ssWriteRTWMxVectParam 0000000180017528     magLev_sim_sfun_registry.obj
 0004:00000534       $pdata$ssWriteRTWMx2dMatParam 0000000180017534     magLev_sim_sfun_registry.obj
 0004:00000540       $pdata$_ssSetInputPortMatrixDimensions 0000000180017540     magLev_sim_sfun_registry.obj
 0004:0000054c       $pdata$_ssSetOutputPortMatrixDimensions 000000018001754c     magLev_sim_sfun_registry.obj
 0004:00000558       $pdata$_ssSetInputPortVectorDimension 0000000180017558     magLev_sim_sfun_registry.obj
 0004:00000564       $pdata$_ssSetOutputPortVectorDimension 0000000180017564     magLev_sim_sfun_registry.obj
 0004:00000570       $pdata$ssIsRunTimeParamTunable 0000000180017570     magLev_sim_sfun_registry.obj
 0004:0000057c       $pdata$ssGetSFuncBlockHandle 000000018001757c     magLev_sim_sfun_registry.obj
 0004:00000588       $pdata$_ssGetCurrentInputPortWidth 0000000180017588     magLev_sim_sfun_registry.obj
 0004:00000594       $pdata$_ssGetCurrentOutputPortWidth 0000000180017594     magLev_sim_sfun_registry.obj
 0004:000005a0       $pdata$_ssGetCallSystemNumFcnCallDestinations 00000001800175a0     magLev_sim_sfun_registry.obj
 0004:000005ac       $pdata$ssGetParameterTuningCompliance 00000001800175ac     magLev_sim_sfun_registry.obj
 0004:000005b8       $pdata$ssWarning           00000001800175b8     magLev_sim_sfun_registry.obj
 0004:000005c4       $pdata$_ssGetAbsTol        00000001800175c4     magLev_sim_sfun_registry.obj
 0004:000005d0       $pdata$sf_process_check_sum_call 00000001800175d0     magLev_sim_sfun_registry.obj
 0004:000005dc       $pdata$sf_process_autoinheritance_call 00000001800175dc     magLev_sim_sfun_registry.obj
 0004:000005e8       $pdata$sf_process_get_third_party_uses_info_call 00000001800175e8     magLev_sim_sfun_registry.obj
 0004:000005f4       $pdata$sf_process_get_jit_fallback_info_call 00000001800175f4     magLev_sim_sfun_registry.obj
 0004:00000600       $pdata$sf_process_get_updateBuildInfo_args_info_call 0000000180017600     magLev_sim_sfun_registry.obj
 0004:0000060c       $pdata$sf_process_get_eml_resolved_functions_info_call 000000018001760c     magLev_sim_sfun_registry.obj
 0004:00000618       $pdata$sf_mex_unlock_call  0000000180017618     magLev_sim_sfun_registry.obj
 0004:00000624       $pdata$sf_debug_api_wrapper 0000000180017624     magLev_sim_sfun_registry.obj
 0004:00000630       $pdata$ProcessMexSfunctionCmdLineCall 0000000180017630     magLev_sim_sfun_registry.obj
 0004:0000063c       $pdata$sf_machine_global_initializer_called 000000018001763c     magLev_sim_sfun_registry.obj
 0004:00000648       $pdata$sf_machine_global_method_dispatcher 0000000180017648     magLev_sim_sfun_registry.obj
 0004:00000654       $pdata$sf_machine_global_terminator 0000000180017654     magLev_sim_sfun_registry.obj
 0004:00000660       $pdata$sf_register_machine_exported_symbols 0000000180017660     magLev_sim_sfun_registry.obj
 0004:0000066c       $pdata$sf_machine_global_initializer 000000018001766c     magLev_sim_sfun_registry.obj
 0004:00000678       $pdata$mdlGetSimState      0000000180017678     magLev_sim_sfun_registry.obj
 0004:00000684       $pdata$mdlSetSimState      0000000180017684     magLev_sim_sfun_registry.obj
 0004:00000690       $pdata$mdlSetWorkWidths    0000000180017690     magLev_sim_sfun_registry.obj
 0004:0000069c       $pdata$mdlProcessParameters 000000018001769c     magLev_sim_sfun_registry.obj
 0004:000006a8       $pdata$mdl_start_processing 00000001800176a8     magLev_sim_sfun_registry.obj
 0004:000006b4       $pdata$mdl_terminate_processing 00000001800176b4     magLev_sim_sfun_registry.obj
 0004:000006c0       $pdata$mdlStart            00000001800176c0     magLev_sim_sfun_registry.obj
 0004:000006cc       $pdata$mdlTerminate        00000001800176cc     magLev_sim_sfun_registry.obj
 0004:000006d8       $pdata$mdlInitializeSizes  00000001800176d8     magLev_sim_sfun_registry.obj
 0004:000006e4       $pdata$mdlInitializeSampleTimes 00000001800176e4     magLev_sim_sfun_registry.obj
 0004:000006f0       $pdata$mdl_outputs_continuous_legacy 00000001800176f0     magLev_sim_sfun_registry.obj
 0004:000006fc       $pdata$mdl_outputs_processing 00000001800176fc     magLev_sim_sfun_registry.obj
 0004:00000708       $pdata$mdl_zeroCrossings_processing 0000000180017708     magLev_sim_sfun_registry.obj
 0004:00000714       $pdata$mdlZeroCrossings    0000000180017714     magLev_sim_sfun_registry.obj
 0004:00000720       $pdata$mdl_derivatives_processing 0000000180017720     magLev_sim_sfun_registry.obj
 0004:0000072c       $pdata$mdlDerivatives      000000018001772c     magLev_sim_sfun_registry.obj
 0004:00000738       $pdata$mdl_initialize_conditions_processing 0000000180017738     magLev_sim_sfun_registry.obj
 0004:00000744       $pdata$mdlInitializeConditions 0000000180017744     magLev_sim_sfun_registry.obj
 0004:00000750       $pdata$mdl_ext_mode_exec_processing 0000000180017750     magLev_sim_sfun_registry.obj
 0004:0000075c       $pdata$mdlExtModeExec      000000018001775c     magLev_sim_sfun_registry.obj
 0004:00000768       $pdata$mdlRTW              0000000180017768     magLev_sim_sfun_registry.obj
 0004:00000774       $pdata$mdl_enable_processing 0000000180017774     magLev_sim_sfun_registry.obj
 0004:00000780       $pdata$mdlEnable           0000000180017780     magLev_sim_sfun_registry.obj
 0004:0000078c       $pdata$mdl_disable_processing 000000018001778c     magLev_sim_sfun_registry.obj
 0004:00000798       $pdata$mdlDisable          0000000180017798     magLev_sim_sfun_registry.obj
 0004:000007a4       $pdata$mdlOutputs          00000001800177a4     magLev_sim_sfun_registry.obj
 0004:000007b0       $pdata$mdl_update_processing 00000001800177b0     magLev_sim_sfun_registry.obj
 0004:000007bc       $pdata$mdlUpdate           00000001800177bc     magLev_sim_sfun_registry.obj
 0004:000007c8       $pdata$ProcessMexSfunctionEveryCall 00000001800177c8     magLev_sim_sfun_registry.obj
 0004:000007d4       $pdata$_RegNumInputPortsCB 00000001800177d4     magLev_sim_sfun_registry.obj
 0004:000007e0       $pdata$_RegNumOutputPortsCB 00000001800177e0     magLev_sim_sfun_registry.obj
 0004:000007ec       $pdata$_CreateSimStruct    00000001800177ec     magLev_sim_sfun_registry.obj
 0004:000007f8       $pdata$_ssFatalError       00000001800177f8     magLev_sim_sfun_registry.obj
 0004:00000804       $pdata$_ProcessMexSfunctionCmdLineCall 0000000180017804     magLev_sim_sfun_registry.obj
 0004:00000810       $pdata$__raise_securityfailure 0000000180017810     MSVCRT:gs_report.obj
 0004:0000081c       $pdata$__report_gsfailure  000000018001781c     MSVCRT:gs_report.obj
 0004:00000828       $pdata$__report_rangecheckfailure 0000000180017828     MSVCRT:gs_report.obj
 0004:00000834       $pdata$__report_securityfailure 0000000180017834     MSVCRT:gs_report.obj
 0004:00000840       $pdata$__report_securityfailureEx 0000000180017840     MSVCRT:gs_report.obj
 0004:0000084c       $pdata$__GSHandlerCheck    000000018001784c     MSVCRT:gshandler.obj
 0004:00000858       $pdata$__GSHandlerCheckCommon 0000000180017858     MSVCRT:gshandler.obj
 0004:00000870       $pdata$pre_c_init          0000000180017870     MSVCRT:crtdll.obj
 0004:0000087c       $pdata$_CRT_INIT           000000018001787c     MSVCRT:crtdll.obj
 0004:00000888       $pdata$_DllMainCRTStartup  0000000180017888     MSVCRT:crtdll.obj
 0004:00000894       $pdata$__DllMainCRTStartup 0000000180017894     MSVCRT:crtdll.obj
 0004:000008a0       $pdata$_IsNonwritableInCurrentImage 00000001800178a0     MSVCRT:pesect.obj
 0004:000008ac       $pdata$__atonexitinit      00000001800178ac     MSVCRT:atonexit.obj
 0004:000008b8       $pdata$_onexit             00000001800178b8     MSVCRT:atonexit.obj
 0004:000008c4       $pdata$atexit              00000001800178c4     MSVCRT:atonexit.obj
 0004:000008d0       $pdata$__security_init_cookie 00000001800178d0     MSVCRT:gs_support.obj
 0004:000008dc       $pdata$DllMain             00000001800178dc     MSVCRT:dllmain.obj
 0004:000008e8       $pdata$_RTC_Initialize     00000001800178e8     MSVCRT:initsect.obj
 0004:000008f4       $pdata$_RTC_Terminate      00000001800178f4     MSVCRT:initsect.obj
 0004:00000900       $pdata$__DllMainCRTStartup$filt$0 0000000180017900     MSVCRT:crtdll.obj
 0004:0000090c       $pdata$__DllMainCRTStartup$fin$1 000000018001790c     MSVCRT:crtdll.obj
 0004:00000918       $pdata$_IsNonwritableInCurrentImage$filt$0 0000000180017918     MSVCRT:pesect.obj
 0004:00000924       $pdata$_onexit$fin$0       0000000180017924     MSVCRT:atonexit.obj
